******************************************************************************
                  MSP430 Linker PC v4.3.3                      
******************************************************************************
>> Linked Thu Dec 11 01:12:25 2014

OUTPUT FILE NAME:   <Mikroshemtehnika_Labs_MSP430F5438A.out>
ENTRY POINT SYMBOL: "_c_int00"  address: 00005cf8


MEMORY CONFIGURATION

         name            origin    length      used     unused   attr    fill
----------------------  --------  ---------  --------  --------  ----  --------
  SFR                   00000000   00000010  00000000  00000010  RWIX
  PERIPHERALS_8BIT      00000010   000000f0  00000000  000000f0  RWIX
  PERIPHERALS_16BIT     00000100   00000100  00000000  00000100  RWIX
  INFOD                 00001800   00000080  00000000  00000080  RWIX
  INFOC                 00001880   00000080  00000000  00000080  RWIX
  INFOB                 00001900   00000080  00000000  00000080  RWIX
  INFOA                 00001980   00000080  00000000  00000080  RWIX
  RAM                   00001c00   00004000  000012fd  00002d03  RWIX
  FLASH                 00005c00   0000a380  000014de  00008ea2  RWIX
  INT00                 0000ff80   00000002  00000000  00000002  RWIX
  INT01                 0000ff82   00000002  00000000  00000002  RWIX
  INT02                 0000ff84   00000002  00000000  00000002  RWIX
  INT03                 0000ff86   00000002  00000000  00000002  RWIX
  INT04                 0000ff88   00000002  00000000  00000002  RWIX
  INT05                 0000ff8a   00000002  00000000  00000002  RWIX
  INT06                 0000ff8c   00000002  00000000  00000002  RWIX
  INT07                 0000ff8e   00000002  00000000  00000002  RWIX
  INT08                 0000ff90   00000002  00000000  00000002  RWIX
  INT09                 0000ff92   00000002  00000000  00000002  RWIX
  INT10                 0000ff94   00000002  00000000  00000002  RWIX
  INT11                 0000ff96   00000002  00000000  00000002  RWIX
  INT12                 0000ff98   00000002  00000000  00000002  RWIX
  INT13                 0000ff9a   00000002  00000000  00000002  RWIX
  INT14                 0000ff9c   00000002  00000000  00000002  RWIX
  INT15                 0000ff9e   00000002  00000000  00000002  RWIX
  INT16                 0000ffa0   00000002  00000000  00000002  RWIX
  INT17                 0000ffa2   00000002  00000000  00000002  RWIX
  INT18                 0000ffa4   00000002  00000000  00000002  RWIX
  INT19                 0000ffa6   00000002  00000000  00000002  RWIX
  INT20                 0000ffa8   00000002  00000000  00000002  RWIX
  INT21                 0000ffaa   00000002  00000000  00000002  RWIX
  INT22                 0000ffac   00000002  00000000  00000002  RWIX
  INT23                 0000ffae   00000002  00000000  00000002  RWIX
  INT24                 0000ffb0   00000002  00000000  00000002  RWIX
  INT25                 0000ffb2   00000002  00000000  00000002  RWIX
  INT26                 0000ffb4   00000002  00000000  00000002  RWIX
  INT27                 0000ffb6   00000002  00000000  00000002  RWIX
  INT28                 0000ffb8   00000002  00000000  00000002  RWIX
  INT29                 0000ffba   00000002  00000000  00000002  RWIX
  INT30                 0000ffbc   00000002  00000000  00000002  RWIX
  INT31                 0000ffbe   00000002  00000000  00000002  RWIX
  INT32                 0000ffc0   00000002  00000000  00000002  RWIX
  INT33                 0000ffc2   00000002  00000000  00000002  RWIX
  INT34                 0000ffc4   00000002  00000000  00000002  RWIX
  INT35                 0000ffc6   00000002  00000000  00000002  RWIX
  INT36                 0000ffc8   00000002  00000000  00000002  RWIX
  INT37                 0000ffca   00000002  00000000  00000002  RWIX
  INT38                 0000ffcc   00000002  00000000  00000002  RWIX
  INT39                 0000ffce   00000002  00000000  00000002  RWIX
  INT40                 0000ffd0   00000002  00000000  00000002  RWIX
  INT41                 0000ffd2   00000002  00000002  00000000  RWIX
  INT42                 0000ffd4   00000002  00000002  00000000  RWIX
  INT43                 0000ffd6   00000002  00000002  00000000  RWIX
  INT44                 0000ffd8   00000002  00000002  00000000  RWIX
  INT45                 0000ffda   00000002  00000002  00000000  RWIX
  INT46                 0000ffdc   00000002  00000002  00000000  RWIX
  INT47                 0000ffde   00000002  00000002  00000000  RWIX
  INT48                 0000ffe0   00000002  00000002  00000000  RWIX
  INT49                 0000ffe2   00000002  00000002  00000000  RWIX
  INT50                 0000ffe4   00000002  00000002  00000000  RWIX
  INT51                 0000ffe6   00000002  00000002  00000000  RWIX
  INT52                 0000ffe8   00000002  00000002  00000000  RWIX
  INT53                 0000ffea   00000002  00000002  00000000  RWIX
  INT54                 0000ffec   00000002  00000002  00000000  RWIX
  INT55                 0000ffee   00000002  00000002  00000000  RWIX
  INT56                 0000fff0   00000002  00000002  00000000  RWIX
  INT57                 0000fff2   00000002  00000002  00000000  RWIX
  INT58                 0000fff4   00000002  00000002  00000000  RWIX
  INT59                 0000fff6   00000002  00000002  00000000  RWIX
  INT60                 0000fff8   00000002  00000002  00000000  RWIX
  INT61                 0000fffa   00000002  00000002  00000000  RWIX
  INT62                 0000fffc   00000002  00000002  00000000  RWIX
  RESET                 0000fffe   00000002  00000002  00000000  RWIX
  FLASH2                00010000   00035c00  000041d4  00031a2c  RWIX


SECTION ALLOCATION MAP

 output                                  attributes/
section   page    origin      length       input sections
--------  ----  ----------  ----------   ----------------
.init_array 
*          0    00005c00    00000000     UNINITIALIZED

.bss       0    00001c00    0000109c     UNINITIALIZED
                  00001c00    00000e9c     (.common:LCD_MEM)
                  00002a9c    00000100     (.common:rcvbuff)
                  00002b9c    00000100     (.common:strbuf)

.TI.noinit 
*          0    00001c00    00000000     UNINITIALIZED

.data      0    00002c9c    000001c1     UNINITIALIZED
                  00002c9c    000000b0     rts430x_lc_rd_eabi.lib : signal.obj (.data:sigtable)
                  00002d4c    0000006c     hal_lcd.obj (.data:LcdInitMacro)
                  00002db8    00000068     rts430x_lc_rd_eabi.lib : xfvalues.obj (.data)
                  00002e20    00000016     sound_meter.obj (.data)
                  00002e36    00000008     rts430x_lc_rd_eabi.lib : _lock.obj (.data)
                  00002e3e    00000008                            : feraiseexcept.obj (.data)
                  00002e46    00000006     hal_lcd.obj (.data:Draw_Block_Address_Macro)
                  00002e4c    00000006     hal_lcd.obj (.data:Draw_Block_Value_Macro)
                  00002e52    00000006     hal_lcd.obj (.data)
                  00002e58    00000002     rts430x_lc_rd_eabi.lib : errno.obj (.data)
                  00002e5a    00000002     uart.obj (.data)
                  00002e5c    00000001     common.obj (.data)

.TI.persistent 
*          0    00002c9c    00000000     UNINITIALIZED

.stack     0    00005b60    000000a0     UNINITIALIZED
                  00005b60    00000004     rts430x_lc_rd_eabi.lib : boot.obj (.stack)
                  00005b64    0000009c     --HOLE--

.text:_isr 
*          0    00005c00    00000112     
                  00005c00    00000060     sound_meter.obj (.text:_isr:ADC12_ISR)
                  00005c60    00000040     sound_meter.obj (.text:_isr:PORT2_ISR)
                  00005ca0    00000038     sound_meter.obj (.text:_isr:TIMER0_B0_ISR)
                  00005cd8    00000020     uart.obj (.text:_isr:USCI_A1_ISR)
                  00005cf8    0000001a     rts430x_lc_rd_eabi.lib : boot.obj (.text:_isr:_c_int00_noexit)

.const     0    00005d12    000012e8     
                  00005d12    00000854     hal_lcd_fonts.obj (.const:GrayScale_fonts)
                  00006566    00000854     hal_lcd_fonts.obj (.const:fonts)
                  00006dba    00000101     rts430x_lc_rd_eabi.lib : ctype.obj (.const:.string:_ctypes_)
                  00006ebb    00000001     --HOLE-- [fill = 0]
                  00006ebc    00000089     hal_lcd_fonts.obj (.const:.string:fonts_lookup)
                  00006f45    00000001     --HOLE-- [fill = 0]
                  00006f46    00000080     sound_meter.obj (.const:.string)
                  00006fc6    00000024     rts430x_lc_rd_eabi.lib : _printfi.obj (.const:.string)
                  00006fea    0000000c                            : xflog.obj (.const:p)
                  00006ff6    00000004     common.obj (.const:.string)

.cinit     0    00006ffa    000000e4     
                  00006ffa    000000c1     (.cinit..data.load) [load image, compression = rle]
                  000070bb    00000001     --HOLE-- [fill = 0]
                  000070bc    0000000c     (__TI_handler_table)
                  000070c8    00000006     (.cinit..bss.load) [load image, compression = zero_init]
                  000070ce    00000010     (__TI_cinit_table)

RTC        0    0000ffd2    00000002     
                  0000ffd2    00000002     rts430x_lc_rd_eabi.lib : int41.obj (.int41)

PORT2      0    0000ffd4    00000002     
                  0000ffd4    00000002     sound_meter.obj (.int42)

USCI_B3    0    0000ffd6    00000002     
                  0000ffd6    00000002     rts430x_lc_rd_eabi.lib : int43.obj (.int43)

USCI_A3    0    0000ffd8    00000002     
                  0000ffd8    00000002     rts430x_lc_rd_eabi.lib : int44.obj (.int44)

USCI_B1    0    0000ffda    00000002     
                  0000ffda    00000002     rts430x_lc_rd_eabi.lib : int45.obj (.int45)

USCI_A1    0    0000ffdc    00000002     
                  0000ffdc    00000002     uart.obj (.int46)

PORT1      0    0000ffde    00000002     
                  0000ffde    00000002     rts430x_lc_rd_eabi.lib : int47.obj (.int47)

TIMER1_A1 
*          0    0000ffe0    00000002     
                  0000ffe0    00000002     rts430x_lc_rd_eabi.lib : int48.obj (.int48)

TIMER1_A0 
*          0    0000ffe2    00000002     
                  0000ffe2    00000002     rts430x_lc_rd_eabi.lib : int49.obj (.int49)

DMA        0    0000ffe4    00000002     
                  0000ffe4    00000002     rts430x_lc_rd_eabi.lib : int50.obj (.int50)

USCI_B2    0    0000ffe6    00000002     
                  0000ffe6    00000002     rts430x_lc_rd_eabi.lib : int51.obj (.int51)

USCI_A2    0    0000ffe8    00000002     
                  0000ffe8    00000002     rts430x_lc_rd_eabi.lib : int52.obj (.int52)

TIMER0_A1 
*          0    0000ffea    00000002     
                  0000ffea    00000002     rts430x_lc_rd_eabi.lib : int53.obj (.int53)

TIMER0_A0 
*          0    0000ffec    00000002     
                  0000ffec    00000002     rts430x_lc_rd_eabi.lib : int54.obj (.int54)

ADC12      0    0000ffee    00000002     
                  0000ffee    00000002     sound_meter.obj (.int55)

USCI_B0    0    0000fff0    00000002     
                  0000fff0    00000002     rts430x_lc_rd_eabi.lib : int56.obj (.int56)

USCI_A0    0    0000fff2    00000002     
                  0000fff2    00000002     rts430x_lc_rd_eabi.lib : int57.obj (.int57)

WDT        0    0000fff4    00000002     
                  0000fff4    00000002     rts430x_lc_rd_eabi.lib : int58.obj (.int58)

TIMER0_B1 
*          0    0000fff6    00000002     
                  0000fff6    00000002     rts430x_lc_rd_eabi.lib : int59.obj (.int59)

TIMER0_B0 
*          0    0000fff8    00000002     
                  0000fff8    00000002     sound_meter.obj (.int60)

UNMI       0    0000fffa    00000002     
                  0000fffa    00000002     rts430x_lc_rd_eabi.lib : int61.obj (.int61)

SYSNMI     0    0000fffc    00000002     
                  0000fffc    00000002     rts430x_lc_rd_eabi.lib : int62.obj (.int62)

.reset     0    0000fffe    00000002     
                  0000fffe    00000002     rts430x_lc_rd_eabi.lib : boot.obj (.reset)

.text      0    00010000    000041d4     
                  00010000    00000452     rts430x_lc_rd_eabi.lib : frcdivd.obj (.text:__TI_frcdivd)
                  00010452    0000038e                            : llmath.obj (.text:__mspabi_divull)
                  000107e0    000002e4                            : frcmpyd.obj (.text:__TI_frcmpyd)
                  00010ac4    000002d8                            : addd.obj (.text:__mspabi_addd)
                  00010d9c    00000282                            : mpyd.obj (.text:__mspabi_mpyd)
                  0001101e    0000026c                            : xflog.obj (.text:_FLog)
                  0001128a    00000256                            : _printfi.obj (.text:_setfield)
                  000114e0    00000252                            : frcaddd.obj (.text:__TI_frcaddd)
                  00011732    0000022c                            : _printfi.obj (.text:ecvt)
                  0001195e    00000222                            : divd.obj (.text:__mspabi_divd)
                  00011b80    0000021c     sound_meter.obj (.text:sound_meter_main)
                  00011d9c    0000021a     rts430x_lc_rd_eabi.lib : _printfi.obj (.text:fcvt)
                  00011fb6    00000202                            : _printfi.obj (.text:__TI_printfi)
                  000121b8    000001f8                            : _printfi.obj (.text:_pproc_fge)
                  000123b0    000001aa                            : _printfi.obj (.text:_pconv_e)
                  0001255a    00000188                            : _printfi.obj (.text:_getarg_diouxp)
                  000126e2    00000180     hal_lcd.obj (.text:halLcdPrint)
                  00012862    0000014c     rts430x_lc_rd_eabi.lib : _printfi.obj (.text:_pproc_diouxp)
                  000129ae    00000130                            : fs_add.obj (.text)
                  00012ade    0000010c                            : _printfi.obj (.text:_pconv_g)
                  00012bea    00000102                            : _printfi.obj (.text:_ltostr)
                  00012cec    000000fa                            : _printfi.obj (.text:_pproc_fwp)
                  00012de6    000000d8                            : cmpd.obj (.text:__mspabi_cmpd)
                  00012ebe    000000c4     hal_lcd.obj (.text:halLcdClearScreen)
                  00012f82    000000b6     rts430x_lc_rd_eabi.lib : fs_mpy.obj (.text)
                  00013038    000000b2                            : renormd.obj (.text:__TI_renormd)
                  000130ea    000000a8                            : _printfi.obj (.text:_pproc_str)
                  00013192    00000094                            : fltlid.obj (.text:__mspabi_fltlid)
                  00013226    00000094     hal_lcd.obj (.text:halLcdInit)
                  000132ba    0000008e     rts430x_lc_rd_eabi.lib : fs_div.obj (.text)
                  00013348    0000008c                            : xfdnorm.obj (.text:_FDnorm)
                  000133d4    00000088                            : _printfi.obj (.text:_div)
                  0001345c    00000088                            : _printfi.obj (.text:_ecpy)
                  000134e4    00000080                            : ltoa.obj (.text:ltoa)
                  00013564    0000007e                            : _printfi.obj (.text:_mcpy)
                  000135e2    0000007e                            : _printfi.obj (.text:_pconv_f)
                  00013660    0000006e                            : autoinit.obj (.text:_auto_init_hold_wdt)
                  000136ce    0000006c     hal_lcd.obj (.text:halLcdDrawCurrentBlock)
                  0001373a    00000068     rts430x_lc_rd_eabi.lib : fixdul.obj (.text:__mspabi_fixdul)
                  000137a2    00000066                            : fixdli.obj (.text:__mspabi_fixdli)
                  00013808    00000064                            : xfdunsca.obj (.text:_FDunscale)
                  0001386c    00000064                            : cvtfd.obj (.text:__mspabi_cvtfd)
                  000138d0    00000062                            : copy_decompress_rle.obj (.text:__TI_decompress_rle_core)
                  00013932    00000062                            : atoi.obj (.text:atoi)
                  00013994    0000005a                            : mult64_f5hw.obj (.text:__mpyll)
                  000139ee    00000058                            : div32u.obj (.text)
                  00013a46    00000050                            : xdclass.obj (.text:_Dclass)
                  00013a96    0000004e                            : _printfi.obj (.text:_fcpy)
                  00013ae4    0000004e     common.obj (.text:lcd_init)
                  00013b32    0000004a     rts430x_lc_rd_eabi.lib : fs_cmp.obj (.text)
                  00013b7c    00000048     hal_lcd.obj (.text:halLcdSendCommand)
                  00013bc4    00000046     rts430x_lc_rd_eabi.lib : _printfi.obj (.text:_pproc_fflags)
                  00013c0a    00000044                            : sprintf.obj (.text:sprintf)
                  00013c4e    00000040                            : div32s.obj (.text)
                  00013c8e    0000003e                            : asr32.obj (.text:l_asr_const)
                  00013ccc    0000003e                            : lsl32.obj (.text:l_lsl_const)
                  00013d0a    0000003e                            : lsr32.obj (.text:l_lsr_const)
                  00013d48    0000003a                            : llmath.obj (.text:__mspabi_sllll)
                  00013d82    0000003a                            : llmath.obj (.text:__mspabi_srlll)
                  00013dbc    00000038                            : signal.obj (.text:signal)
                  00013df4    00000036                            : xferaise.obj (.text:_Feraise)
                  00013e2a    00000036                            : fs_itof.obj (.text)
                  00013e60    00000034                            : feraiseexcept.obj (.text:feraiseexcept)
                  00013e94    00000034     hal_lcd.obj (.text:halLcdActive)
                  00013ec8    00000034     hal_lcd.obj (.text:halLcdSetAddress)
                  00013efc    00000032     rts430x_lc_rd_eabi.lib : subd.obj (.text:__mspabi_subd)
                  00013f2e    00000032                            : raise.obj (.text:raise)
                  00013f60    0000002e                            : negd.obj (.text:__mspabi_negd)
                  00013f8e    0000002c     sound_meter.obj (.text:adc_init)
                  00013fba    00000024     rts430x_lc_rd_eabi.lib : copy_zero_init.obj (.text:decompress:ZI:__TI_zero_init)
                  00013fde    00000024     hal_lcd.obj (.text:halLcdPrintLine)
                  00014002    00000024     rts430x_lc_rd_eabi.lib : fs_utof.obj (.text)
                  00014026    00000022     hal_lcd.obj (.text:halLcdSetContrast)
                  00014048    00000022     rts430x_lc_rd_eabi.lib : mult32_f5hw.obj (.text)
                  0001406a    00000020                            : sprintf.obj (.text:_outs)
                  0001408a    00000020                            : memccpy.obj (.text:memccpy)
                  000140aa    00000016                            : memset.obj (.text:memset)
                  000140c0    00000016                            : div16u.obj (.text)
                  000140d6    00000016                            : mult16_f5hw.obj (.text)
                  000140ec    00000014                            : sprintf.obj (.text:_outc)
                  00014100    00000014                            : memcpy.obj (.text:memcpy)
                  00014114    00000012                            : fixdu.obj (.text:__mspabi_fixdu)
                  00014126    00000012                            : copy_decompress_none.obj (.text:decompress:none:__TI_decompress_none)
                  00014138    00000012                            : toupper.obj (.text:toupper)
                  0001414a    00000010                            : asr32.obj (.text:l_asr)
                  0001415a    00000010                            : lsl32.obj (.text:l_lsl)
                  0001416a    00000010                            : lsr32.obj (.text:l_lsr)
                  0001417a    0000000e     hal_lcd.obj (.text:halLcdDrawBlock)
                  00014188    0000000e     main.obj (.text:main)
                  00014196    0000000e     rts430x_lc_rd_eabi.lib : strlen.obj (.text:strlen)
                  000141a4    0000000a                            : abs.obj (.text:abs)
                  000141ae    0000000a                            : fs_neg.obj (.text)
                  000141b8    00000006                            : isr_trap.obj (.text:__TI_ISR_TRAP)
                  000141be    00000006                            : copy_decompress_rle.obj (.text:decompress:rle24:__TI_decompress_rle24)
                  000141c4    00000006                            : log10f.obj (.text:log10f)
                  000141ca    00000004                            : pre_init.obj (.text:_system_pre_init)
                  000141ce    00000004                            : exit.obj (.text:abort)
                  000141d2    00000002                            : _lock.obj (.text:_nop)


LINKER GENERATED COPY TABLES

__TI_cinit_table @ 000070ce records: 2, size/record: 8, table size: 16
	.data: load addr=00006ffa, load size=000000c1 bytes, run addr=00002c9c, run size=000001c1 bytes, compression=rle
	.bss: load addr=000070c8, load size=00000006 bytes, run addr=00001c00, run size=0000109c bytes, compression=zero_init


LINKER GENERATED HANDLER TABLE

__TI_handler_table @ 000070bc records: 3, size/record: 4, table size: 12
	index: 0, handler: __TI_zero_init
	index: 1, handler: __TI_decompress_rle24
	index: 2, handler: __TI_decompress_none


GLOBAL SYMBOLS: SORTED ALPHABETICALLY BY Name 

address    name
--------   ----
00000700   ADC12CTL0
00000701   ADC12CTL0_H
00000700   ADC12CTL0_L
00000702   ADC12CTL1
00000703   ADC12CTL1_H
00000702   ADC12CTL1_L
00000704   ADC12CTL2
00000705   ADC12CTL2_H
00000704   ADC12CTL2_L
0000070c   ADC12IE
0000070d   ADC12IE_H
0000070c   ADC12IE_L
0000070a   ADC12IFG
0000070b   ADC12IFG_H
0000070a   ADC12IFG_L
0000070e   ADC12IV
0000070f   ADC12IV_H
0000070e   ADC12IV_L
00000710   ADC12MCTL0
00000711   ADC12MCTL1
0000071a   ADC12MCTL10
0000071b   ADC12MCTL11
0000071c   ADC12MCTL12
0000071d   ADC12MCTL13
0000071e   ADC12MCTL14
0000071f   ADC12MCTL15
00000712   ADC12MCTL2
00000713   ADC12MCTL3
00000714   ADC12MCTL4
00000715   ADC12MCTL5
00000716   ADC12MCTL6
00000717   ADC12MCTL7
00000718   ADC12MCTL8
00000719   ADC12MCTL9
00000720   ADC12MEM0
00000721   ADC12MEM0_H
00000720   ADC12MEM0_L
00000722   ADC12MEM1
00000734   ADC12MEM10
00000735   ADC12MEM10_H
00000734   ADC12MEM10_L
00000736   ADC12MEM11
00000737   ADC12MEM11_H
00000736   ADC12MEM11_L
00000738   ADC12MEM12
00000739   ADC12MEM12_H
00000738   ADC12MEM12_L
0000073a   ADC12MEM13
0000073b   ADC12MEM13_H
0000073a   ADC12MEM13_L
0000073c   ADC12MEM14
0000073d   ADC12MEM14_H
0000073c   ADC12MEM14_L
0000073e   ADC12MEM15
0000073f   ADC12MEM15_H
0000073e   ADC12MEM15_L
00000723   ADC12MEM1_H
00000722   ADC12MEM1_L
00000724   ADC12MEM2
00000725   ADC12MEM2_H
00000724   ADC12MEM2_L
00000726   ADC12MEM3
00000727   ADC12MEM3_H
00000726   ADC12MEM3_L
00000728   ADC12MEM4
00000729   ADC12MEM4_H
00000728   ADC12MEM4_L
0000072a   ADC12MEM5
0000072b   ADC12MEM5_H
0000072a   ADC12MEM5_L
0000072c   ADC12MEM6
0000072d   ADC12MEM6_H
0000072c   ADC12MEM6_L
0000072e   ADC12MEM7
0000072f   ADC12MEM7_H
0000072e   ADC12MEM7_L
00000730   ADC12MEM8
00000731   ADC12MEM8_H
00000730   ADC12MEM8_L
00000732   ADC12MEM9
00000733   ADC12MEM9_H
00000732   ADC12MEM9_L
00005c00   ADC12_ISR
000141ce   C$$EXIT
00000150   CRCDI
00000152   CRCDIRB
00000153   CRCDIRB_H
00000152   CRCDIRB_L
00000151   CRCDI_H
00000150   CRCDI_L
00000154   CRCINIRES
00000155   CRCINIRES_H
00000154   CRCINIRES_L
00000156   CRCRESR
00000157   CRCRESR_H
00000156   CRCRESR_L
00000510   DMA0CTL
00000511   DMA0CTL_H
00000510   DMA0CTL_L
00000516   DMA0DA
00000516   DMA0DAL
00000512   DMA0SA
00000512   DMA0SAL
0000051a   DMA0SZ
00000520   DMA1CTL
00000521   DMA1CTL_H
00000520   DMA1CTL_L
00000526   DMA1DA
00000526   DMA1DAL
00000522   DMA1SA
00000522   DMA1SAL
0000052a   DMA1SZ
00000530   DMA2CTL
00000531   DMA2CTL_H
00000530   DMA2CTL_L
00000536   DMA2DA
00000536   DMA2DAL
00000532   DMA2SA
00000532   DMA2SAL
0000053a   DMA2SZ
00000500   DMACTL0
00000501   DMACTL0_H
00000500   DMACTL0_L
00000502   DMACTL1
00000503   DMACTL1_H
00000502   DMACTL1_L
00000504   DMACTL2
00000505   DMACTL2_H
00000504   DMACTL2_L
00000506   DMACTL3
00000507   DMACTL3_H
00000506   DMACTL3_L
00000508   DMACTL4
00000509   DMACTL4_H
00000508   DMACTL4_L
0000050e   DMAIV
0000050f   DMAIV_H
0000050e   DMAIV_L
00002e46   Draw_Block_Address_Macro
00002e4c   Draw_Block_Value_Macro
00000140   FCTL1
00000141   FCTL1_H
00000140   FCTL1_L
00000144   FCTL3
00000145   FCTL3_H
00000144   FCTL3_L
00000146   FCTL4
00000147   FCTL4_H
00000146   FCTL4_L
00005d12   GrayScale_fonts
00001c00   LCD_MEM
00002e52   LcdAddress
00002d4c   LcdInitMacro
00002e54   LcdTableAddress
000004c4   MAC
000004da   MAC32H
000004db   MAC32H_H
000004da   MAC32H_L
000004d8   MAC32L
000004d9   MAC32L_H
000004d8   MAC32L_L
000004c6   MACS
000004de   MACS32H
000004df   MACS32H_H
000004de   MACS32H_L
000004dc   MACS32L
000004dd   MACS32L_H
000004dc   MACS32L_L
000004c7   MACS_H
000004c6   MACS_L
000004c5   MAC_H
000004c4   MAC_L
000004c0   MPY
000004ec   MPY32CTL0
000004ed   MPY32CTL0_H
000004ec   MPY32CTL0_L
000004d2   MPY32H
000004d3   MPY32H_H
000004d2   MPY32H_L
000004d0   MPY32L
000004d1   MPY32L_H
000004d0   MPY32L_L
000004c2   MPYS
000004d6   MPYS32H
000004d7   MPYS32H_H
000004d6   MPYS32H_L
000004d4   MPYS32L
000004d5   MPYS32L_H
000004d4   MPYS32L_L
000004c3   MPYS_H
000004c2   MPYS_L
000004c1   MPY_H
000004c0   MPY_L
000004c8   OP2
000004e2   OP2H
000004e3   OP2H_H
000004e2   OP2H_L
000004e0   OP2L
000004e1   OP2L_H
000004e0   OP2L_L
000004c9   OP2_H
000004c8   OP2_L
0000020e   P1IV
0000021e   P2IV
00000204   PADIR
00000205   PADIR_H
00000204   PADIR_L
00000208   PADS
00000209   PADS_H
00000208   PADS_L
0000021a   PAIE
00000218   PAIES
00000219   PAIES_H
00000218   PAIES_L
0000021b   PAIE_H
0000021a   PAIE_L
0000021c   PAIFG
0000021d   PAIFG_H
0000021c   PAIFG_L
00000200   PAIN
00000201   PAIN_H
00000200   PAIN_L
00000202   PAOUT
00000203   PAOUT_H
00000202   PAOUT_L
00000206   PAREN
00000207   PAREN_H
00000206   PAREN_L
0000020a   PASEL
0000020b   PASEL_H
0000020a   PASEL_L
00000224   PBDIR
00000225   PBDIR_H
00000224   PBDIR_L
00000228   PBDS
00000229   PBDS_H
00000228   PBDS_L
00000220   PBIN
00000221   PBIN_H
00000220   PBIN_L
00000222   PBOUT
00000223   PBOUT_H
00000222   PBOUT_L
00000226   PBREN
00000227   PBREN_H
00000226   PBREN_L
0000022a   PBSEL
0000022b   PBSEL_H
0000022a   PBSEL_L
00000244   PCDIR
00000245   PCDIR_H
00000244   PCDIR_L
00000248   PCDS
00000249   PCDS_H
00000248   PCDS_L
00000240   PCIN
00000241   PCIN_H
00000240   PCIN_L
00000242   PCOUT
00000243   PCOUT_H
00000242   PCOUT_L
00000246   PCREN
00000247   PCREN_H
00000246   PCREN_L
0000024a   PCSEL
0000024b   PCSEL_H
0000024a   PCSEL_L
00000264   PDDIR
00000265   PDDIR_H
00000264   PDDIR_L
00000268   PDDS
00000269   PDDS_H
00000268   PDDS_L
00000260   PDIN
00000261   PDIN_H
00000260   PDIN_L
00000262   PDOUT
00000263   PDOUT_H
00000262   PDOUT_L
00000266   PDREN
00000267   PDREN_H
00000266   PDREN_L
0000026a   PDSEL
0000026b   PDSEL_H
0000026a   PDSEL_L
00000284   PEDIR
00000285   PEDIR_H
00000284   PEDIR_L
00000288   PEDS
00000289   PEDS_H
00000288   PEDS_L
00000280   PEIN
00000281   PEIN_H
00000280   PEIN_L
00000282   PEOUT
00000283   PEOUT_H
00000282   PEOUT_L
00000286   PEREN
00000287   PEREN_H
00000286   PEREN_L
0000028a   PESEL
0000028b   PESEL_H
0000028a   PESEL_L
000002a4   PFDIR
000002a5   PFDIR_H
000002a4   PFDIR_L
000002a8   PFDS
000002a9   PFDS_H
000002a8   PFDS_L
000002a0   PFIN
000002a1   PFIN_H
000002a0   PFIN_L
000002a2   PFOUT
000002a3   PFOUT_H
000002a2   PFOUT_L
000002a6   PFREN
000002a7   PFREN_H
000002a6   PFREN_L
000002aa   PFSEL
000002ab   PFSEL_H
000002aa   PFSEL_L
00000324   PJDIR
00000325   PJDIR_H
00000324   PJDIR_L
00000328   PJDS
00000329   PJDS_H
00000328   PJDS_L
00000320   PJIN
00000321   PJIN_H
00000320   PJIN_L
00000322   PJOUT
00000323   PJOUT_H
00000322   PJOUT_L
00000326   PJREN
00000327   PJREN_H
00000326   PJREN_L
00000130   PM5CTL0
00000131   PM5CTL0_H
00000130   PM5CTL0_L
00000120   PMMCTL0
00000121   PMMCTL0_H
00000120   PMMCTL0_L
00000122   PMMCTL1
00000123   PMMCTL1_H
00000122   PMMCTL1_L
0000012c   PMMIFG
0000012d   PMMIFG_H
0000012c   PMMIFG_L
0000012e   PMMRIE
0000012f   PMMRIE_H
0000012e   PMMRIE_L
00005c60   PORT2_ISR
00000158   RCCTL0
00000159   RCCTL0_H
00000158   RCCTL0_L
000001b0   REFCTL0
000001b1   REFCTL0_H
000001b0   REFCTL0_L
000004e4   RES0
000004e5   RES0_H
000004e4   RES0_L
000004e6   RES1
000004e7   RES1_H
000004e6   RES1_L
000004e8   RES2
000004e9   RES2_H
000004e8   RES2_L
000004ea   RES3
000004eb   RES3_H
000004ea   RES3_L
000004cc   RESHI
000004cd   RESHI_H
000004cc   RESHI_L
000004ca   RESLO
000004cb   RESLO_H
000004ca   RESLO_L
000004ba   RTCADOWDAY
000004bb   RTCADOWDAY_H
000004ba   RTCADOWDAY_L
000004b8   RTCAMINHR
000004b9   RTCAMINHR_H
000004b8   RTCAMINHR_L
000004a0   RTCCTL01
000004a1   RTCCTL01_H
000004a0   RTCCTL01_L
000004a2   RTCCTL23
000004a3   RTCCTL23_H
000004a2   RTCCTL23_L
000004b4   RTCDATE
000004b5   RTCDATE_H
000004b4   RTCDATE_L
000004ae   RTCIV
000004ac   RTCPS
000004a8   RTCPS0CTL
000004a9   RTCPS0CTL_H
000004a8   RTCPS0CTL_L
000004aa   RTCPS1CTL
000004ab   RTCPS1CTL_H
000004aa   RTCPS1CTL_L
000004ad   RTCPS_H
000004ac   RTCPS_L
000004b0   RTCTIM0
000004b1   RTCTIM0_H
000004b0   RTCTIM0_L
000004b2   RTCTIM1
000004b3   RTCTIM1_H
000004b2   RTCTIM1_L
000004b6   RTCYEAR
000004b7   RTCYEAR_H
000004b6   RTCYEAR_L
00000100   SFRIE1
00000101   SFRIE1_H
00000100   SFRIE1_L
00000102   SFRIFG1
00000103   SFRIFG1_H
00000102   SFRIFG1_L
00000104   SFRRPCR
00000105   SFRRPCR_H
00000104   SFRRPCR_L
000004ce   SUMEXT
000004cf   SUMEXT_H
000004ce   SUMEXT_L
00000124   SVSMHCTL
00000125   SVSMHCTL_H
00000124   SVSMHCTL_L
00000128   SVSMIO
00000129   SVSMIO_H
00000128   SVSMIO_L
00000126   SVSMLCTL
00000127   SVSMLCTL_H
00000126   SVSMLCTL_L
00000198   SYSBERRIV
00000199   SYSBERRIV_H
00000198   SYSBERRIV_L
00000182   SYSBSLC
00000183   SYSBSLC_H
00000182   SYSBSLC_L
00000180   SYSCTL
00000181   SYSCTL_H
00000180   SYSCTL_L
00000186   SYSJMBC
00000187   SYSJMBC_H
00000186   SYSJMBC_L
00000188   SYSJMBI0
00000189   SYSJMBI0_H
00000188   SYSJMBI0_L
0000018a   SYSJMBI1
0000018b   SYSJMBI1_H
0000018a   SYSJMBI1_L
0000018c   SYSJMBO0
0000018d   SYSJMBO0_H
0000018c   SYSJMBO0_L
0000018e   SYSJMBO1
0000018f   SYSJMBO1_H
0000018e   SYSJMBO1_L
0000019e   SYSRSTIV
0000019f   SYSRSTIV_H
0000019e   SYSRSTIV_L
0000019c   SYSSNIV
0000019d   SYSSNIV_H
0000019c   SYSSNIV_L
0000019a   SYSUNIV
0000019b   SYSUNIV_H
0000019a   SYSUNIV_L
00000352   TA0CCR0
00000354   TA0CCR1
00000356   TA0CCR2
00000358   TA0CCR3
0000035a   TA0CCR4
00000342   TA0CCTL0
00000344   TA0CCTL1
00000346   TA0CCTL2
00000348   TA0CCTL3
0000034a   TA0CCTL4
00000340   TA0CTL
00000360   TA0EX0
0000036e   TA0IV
00000350   TA0R
00000392   TA1CCR0
00000394   TA1CCR1
00000396   TA1CCR2
00000382   TA1CCTL0
00000384   TA1CCTL1
00000386   TA1CCTL2
00000380   TA1CTL
000003a0   TA1EX0
000003ae   TA1IV
00000390   TA1R
000003d2   TB0CCR0
000003d4   TB0CCR1
000003d6   TB0CCR2
000003d8   TB0CCR3
000003da   TB0CCR4
000003dc   TB0CCR5
000003de   TB0CCR6
000003c2   TB0CCTL0
000003c4   TB0CCTL1
000003c6   TB0CCTL2
000003c8   TB0CCTL3
000003ca   TB0CCTL4
000003cc   TB0CCTL5
000003ce   TB0CCTL6
000003c0   TB0CTL
000003e0   TB0EX0
000003ee   TB0IV
000003d0   TB0R
00005ca0   TIMER0_B0_ISR
000005d0   UCA0ABCTL
000005c6   UCA0BRW
000005c7   UCA0BRW_H
000005c6   UCA0BRW_L
000005c0   UCA0CTLW0
000005c1   UCA0CTLW0_H
000005c0   UCA0CTLW0_L
000005dc   UCA0ICTL
000005dd   UCA0ICTL_H
000005dc   UCA0ICTL_L
000005d2   UCA0IRCTL
000005d3   UCA0IRCTL_H
000005d2   UCA0IRCTL_L
000005de   UCA0IV
000005c8   UCA0MCTL
000005cc   UCA0RXBUF
000005ca   UCA0STAT
000005ce   UCA0TXBUF
00000610   UCA1ABCTL
00000606   UCA1BRW
00000607   UCA1BRW_H
00000606   UCA1BRW_L
00000600   UCA1CTLW0
00000601   UCA1CTLW0_H
00000600   UCA1CTLW0_L
0000061c   UCA1ICTL
0000061d   UCA1ICTL_H
0000061c   UCA1ICTL_L
00000612   UCA1IRCTL
00000613   UCA1IRCTL_H
00000612   UCA1IRCTL_L
0000061e   UCA1IV
00000608   UCA1MCTL
0000060c   UCA1RXBUF
0000060a   UCA1STAT
0000060e   UCA1TXBUF
00000650   UCA2ABCTL
00000646   UCA2BRW
00000647   UCA2BRW_H
00000646   UCA2BRW_L
00000640   UCA2CTLW0
00000641   UCA2CTLW0_H
00000640   UCA2CTLW0_L
0000065c   UCA2ICTL
0000065d   UCA2ICTL_H
0000065c   UCA2ICTL_L
00000652   UCA2IRCTL
00000653   UCA2IRCTL_H
00000652   UCA2IRCTL_L
0000065e   UCA2IV
00000648   UCA2MCTL
0000064c   UCA2RXBUF
0000064a   UCA2STAT
0000064e   UCA2TXBUF
00000690   UCA3ABCTL
00000686   UCA3BRW
00000687   UCA3BRW_H
00000686   UCA3BRW_L
00000680   UCA3CTLW0
00000681   UCA3CTLW0_H
00000680   UCA3CTLW0_L
0000069c   UCA3ICTL
0000069d   UCA3ICTL_H
0000069c   UCA3ICTL_L
00000692   UCA3IRCTL
00000693   UCA3IRCTL_H
00000692   UCA3IRCTL_L
0000069e   UCA3IV
00000688   UCA3MCTL
0000068c   UCA3RXBUF
0000068a   UCA3STAT
0000068e   UCA3TXBUF
000005e6   UCB0BRW
000005e7   UCB0BRW_H
000005e6   UCB0BRW_L
000005e0   UCB0CTLW0
000005e1   UCB0CTLW0_H
000005e0   UCB0CTLW0_L
000005f0   UCB0I2COA
000005f1   UCB0I2COA_H
000005f0   UCB0I2COA_L
000005f2   UCB0I2CSA
000005f3   UCB0I2CSA_H
000005f2   UCB0I2CSA_L
000005fc   UCB0ICTL
000005fd   UCB0ICTL_H
000005fc   UCB0ICTL_L
000005fe   UCB0IV
000005ec   UCB0RXBUF
000005ea   UCB0STAT
000005ee   UCB0TXBUF
00000626   UCB1BRW
00000627   UCB1BRW_H
00000626   UCB1BRW_L
00000620   UCB1CTLW0
00000621   UCB1CTLW0_H
00000620   UCB1CTLW0_L
00000630   UCB1I2COA
00000631   UCB1I2COA_H
00000630   UCB1I2COA_L
00000632   UCB1I2CSA
00000633   UCB1I2CSA_H
00000632   UCB1I2CSA_L
0000063c   UCB1ICTL
0000063d   UCB1ICTL_H
0000063c   UCB1ICTL_L
0000063e   UCB1IV
0000062c   UCB1RXBUF
0000062a   UCB1STAT
0000062e   UCB1TXBUF
00000666   UCB2BRW
00000667   UCB2BRW_H
00000666   UCB2BRW_L
00000660   UCB2CTLW0
00000661   UCB2CTLW0_H
00000660   UCB2CTLW0_L
00000670   UCB2I2COA
00000671   UCB2I2COA_H
00000670   UCB2I2COA_L
00000672   UCB2I2CSA
00000673   UCB2I2CSA_H
00000672   UCB2I2CSA_L
0000067c   UCB2ICTL
0000067d   UCB2ICTL_H
0000067c   UCB2ICTL_L
0000067e   UCB2IV
0000066c   UCB2RXBUF
0000066a   UCB2STAT
0000066e   UCB2TXBUF
000006a6   UCB3BRW
000006a7   UCB3BRW_H
000006a6   UCB3BRW_L
000006a0   UCB3CTLW0
000006a1   UCB3CTLW0_H
000006a0   UCB3CTLW0_L
000006b0   UCB3I2COA
000006b1   UCB3I2COA_H
000006b0   UCB3I2COA_L
000006b2   UCB3I2CSA
000006b3   UCB3I2CSA_H
000006b2   UCB3I2CSA_L
000006bc   UCB3ICTL
000006bd   UCB3ICTL_H
000006bc   UCB3ICTL_L
000006be   UCB3IV
000006ac   UCB3RXBUF
000006aa   UCB3STAT
000006ae   UCB3TXBUF
00000160   UCSCTL0
00000161   UCSCTL0_H
00000160   UCSCTL0_L
00000162   UCSCTL1
00000163   UCSCTL1_H
00000162   UCSCTL1_L
00000164   UCSCTL2
00000165   UCSCTL2_H
00000164   UCSCTL2_L
00000166   UCSCTL3
00000167   UCSCTL3_H
00000166   UCSCTL3_L
00000168   UCSCTL4
00000169   UCSCTL4_H
00000168   UCSCTL4_L
0000016a   UCSCTL5
0000016b   UCSCTL5_H
0000016a   UCSCTL5_L
0000016c   UCSCTL6
0000016d   UCSCTL6_H
0000016c   UCSCTL6_L
0000016e   UCSCTL7
0000016f   UCSCTL7_H
0000016e   UCSCTL7_L
00000170   UCSCTL8
00000171   UCSCTL8_H
00000170   UCSCTL8_L
00005cd8   USCI_A1_ISR
0000015c   WDTCTL
0000015d   WDTCTL_H
0000015c   WDTCTL_L
00013a46   _Dclass
00002e58   _Errno
00002db8   _FDenorm
00013348   _FDnorm
00013808   _FDunscale
00002dc8   _FEps
00002dd8   _FInf
0001101e   _FLog
00002de8   _FNan
00002e08   _FRteps
00002df8   _FSnan
00002e18   _FXbig
00002e1c   _FZero
00002e3e   _Fenv
00013df4   _Feraise
00002e42   _Tls_setup__Fenv
00005c00   __STACK_END
000000a0   __STACK_SIZE
000070ce   __TI_CINIT_Base
000070de   __TI_CINIT_Limit
000070bc   __TI_Handler_Table_Base
000070c8   __TI_Handler_Table_Limit
UNDEFED    __TI_INITARRAY_Base
UNDEFED    __TI_INITARRAY_Limit
000141b8   __TI_ISR_TRAP
00000001   __TI_args_main
00014126   __TI_decompress_none
000141be   __TI_decompress_rle24
00000001   __TI_exit
000114e0   __TI_frcaddd
00010000   __TI_frcdivd
000107e0   __TI_frcmpyd
0000ffd2   __TI_int41
0000ffd4   __TI_int42
0000ffd6   __TI_int43
0000ffd8   __TI_int44
0000ffda   __TI_int45
0000ffdc   __TI_int46
0000ffde   __TI_int47
0000ffe0   __TI_int48
0000ffe2   __TI_int49
0000ffe4   __TI_int50
0000ffe6   __TI_int51
0000ffe8   __TI_int52
0000ffea   __TI_int53
0000ffec   __TI_int54
0000ffee   __TI_int55
0000fff0   __TI_int56
0000fff2   __TI_int57
0000fff4   __TI_int58
0000fff6   __TI_int59
0000fffa   __TI_int61
0000fffc   __TI_int62
00011fb6   __TI_printfi
00013038   __TI_renormd
00013fba   __TI_zero_init
ffffffff   __binit__
ffffffff   __c_args__
00010ac4   __mspabi_addd
000129b4   __mspabi_addf
00012de6   __mspabi_cmpd
00013b32   __mspabi_cmpf
0001386c   __mspabi_cvtfd
0001195e   __mspabi_divd
000132ba   __mspabi_divf
00013c4e   __mspabi_divli
000140c0   __mspabi_divu
000139ee   __mspabi_divul
00010452   __mspabi_divull
000137a2   __mspabi_fixdli
00014114   __mspabi_fixdu
0001373a   __mspabi_fixdul
00013e2a   __mspabi_fltif
00013192   __mspabi_fltlid
00014002   __mspabi_fltuf
00010d9c   __mspabi_mpyd
00012f82   __mspabi_mpyf
000140d6   __mspabi_mpyi_f5hw
00014048   __mspabi_mpyl_f5hw
00013994   __mspabi_mpyll_f5hw
00013f60   __mspabi_negd
000141ae   __mspabi_negf
00013c4e   __mspabi_remli
000140c0   __mspabi_remu
000139ee   __mspabi_remul
0001415a   __mspabi_slll
00013d04   __mspabi_slll_1
00013ce0   __mspabi_slll_10
00013cdc   __mspabi_slll_11
00013cd8   __mspabi_slll_12
00013cd4   __mspabi_slll_13
00013cd0   __mspabi_slll_14
00013ccc   __mspabi_slll_15
00013d00   __mspabi_slll_2
00013cfc   __mspabi_slll_3
00013cf8   __mspabi_slll_4
00013cf4   __mspabi_slll_5
00013cf0   __mspabi_slll_6
00013cec   __mspabi_slll_7
00013ce8   __mspabi_slll_8
00013ce4   __mspabi_slll_9
00013d48   __mspabi_sllll
0001414a   __mspabi_sral
00013cc6   __mspabi_sral_1
00013ca2   __mspabi_sral_10
00013c9e   __mspabi_sral_11
00013c9a   __mspabi_sral_12
00013c96   __mspabi_sral_13
00013c92   __mspabi_sral_14
00013c8e   __mspabi_sral_15
00013cc2   __mspabi_sral_2
00013cbe   __mspabi_sral_3
00013cba   __mspabi_sral_4
00013cb6   __mspabi_sral_5
00013cb2   __mspabi_sral_6
00013cae   __mspabi_sral_7
00013caa   __mspabi_sral_8
00013ca6   __mspabi_sral_9
0001416a   __mspabi_srll
00013d42   __mspabi_srll_1
00013d1e   __mspabi_srll_10
00013d1a   __mspabi_srll_11
00013d16   __mspabi_srll_12
00013d12   __mspabi_srll_13
00013d0e   __mspabi_srll_14
00013d0a   __mspabi_srll_15
00013d3e   __mspabi_srll_2
00013d3a   __mspabi_srll_3
00013d36   __mspabi_srll_4
00013d32   __mspabi_srll_5
00013d2e   __mspabi_srll_6
00013d2a   __mspabi_srll_7
00013d26   __mspabi_srll_8
00013d22   __mspabi_srll_9
00013d82   __mspabi_srlll
00013efc   __mspabi_subd
000129ae   __mspabi_subf
00013660   _auto_init_hold_wdt
00005cf8   _c_int00
00005cf8   _c_int00_noexit
00006dba   _ctypes_
00002e36   _lock
000141d2   _nop
0000fffe   _reset_vector
00005b60   _stack
000141ca   _system_pre_init
00002e3a   _unlock
000141ce   abort
000141a4   abs
00013f8e   adc_init
00002e28   adc_probes
00013932   atoi
00002e57   backlight
ffffffff   binit
00002e5c   buttons_pressed
00002e5b   cmdbuff_size
00002e56   contrast
00013e60   feraiseexcept
00006566   fonts
00006ebc   fonts_lookup
00013e94   halLcdActive
00012ebe   halLcdClearScreen
0001417a   halLcdDrawBlock
000136ce   halLcdDrawCurrentBlock
00013226   halLcdInit
000126e2   halLcdPrint
00013fde   halLcdPrintLine
00013b7c   halLcdSendCommand
00013ec8   halLcdSetAddress
00014026   halLcdSetContrast
00002e22   last_adc_value
00013ae4   lcd_init
000141c4   log10f
000134e4   ltoa
00014188   main
00002e24   max_adc_value
0001408a   memccpy
00014100   memcpy
000140aa   memset
00002e26   min_adc_value
00013f2e   raise
00002a9c   rcvbuff
00002e5a   receiveBufferSize
00002e20   redraw
00002e30   samples_above_threshold
00002e32   samples_below_threshold
00002e34   samples_peaks
00013dbc   signal
00002e2e   sound_level_threshold
00002e2c   sound_level_value
00011b80   sound_meter_main
00002e2a   sound_prev_value
00013c0a   sprintf
00002b9c   strbuf
00014196   strlen
00014138   toupper


GLOBAL SYMBOLS: SORTED BY Symbol Address 

address    name
--------   ----
00000001   __TI_args_main
00000001   __TI_exit
000000a0   __STACK_SIZE
00000100   SFRIE1
00000100   SFRIE1_L
00000101   SFRIE1_H
00000102   SFRIFG1
00000102   SFRIFG1_L
00000103   SFRIFG1_H
00000104   SFRRPCR
00000104   SFRRPCR_L
00000105   SFRRPCR_H
00000120   PMMCTL0
00000120   PMMCTL0_L
00000121   PMMCTL0_H
00000122   PMMCTL1
00000122   PMMCTL1_L
00000123   PMMCTL1_H
00000124   SVSMHCTL
00000124   SVSMHCTL_L
00000125   SVSMHCTL_H
00000126   SVSMLCTL
00000126   SVSMLCTL_L
00000127   SVSMLCTL_H
00000128   SVSMIO
00000128   SVSMIO_L
00000129   SVSMIO_H
0000012c   PMMIFG
0000012c   PMMIFG_L
0000012d   PMMIFG_H
0000012e   PMMRIE
0000012e   PMMRIE_L
0000012f   PMMRIE_H
00000130   PM5CTL0
00000130   PM5CTL0_L
00000131   PM5CTL0_H
00000140   FCTL1
00000140   FCTL1_L
00000141   FCTL1_H
00000144   FCTL3
00000144   FCTL3_L
00000145   FCTL3_H
00000146   FCTL4
00000146   FCTL4_L
00000147   FCTL4_H
00000150   CRCDI
00000150   CRCDI_L
00000151   CRCDI_H
00000152   CRCDIRB
00000152   CRCDIRB_L
00000153   CRCDIRB_H
00000154   CRCINIRES
00000154   CRCINIRES_L
00000155   CRCINIRES_H
00000156   CRCRESR
00000156   CRCRESR_L
00000157   CRCRESR_H
00000158   RCCTL0
00000158   RCCTL0_L
00000159   RCCTL0_H
0000015c   WDTCTL
0000015c   WDTCTL_L
0000015d   WDTCTL_H
00000160   UCSCTL0
00000160   UCSCTL0_L
00000161   UCSCTL0_H
00000162   UCSCTL1
00000162   UCSCTL1_L
00000163   UCSCTL1_H
00000164   UCSCTL2
00000164   UCSCTL2_L
00000165   UCSCTL2_H
00000166   UCSCTL3
00000166   UCSCTL3_L
00000167   UCSCTL3_H
00000168   UCSCTL4
00000168   UCSCTL4_L
00000169   UCSCTL4_H
0000016a   UCSCTL5
0000016a   UCSCTL5_L
0000016b   UCSCTL5_H
0000016c   UCSCTL6
0000016c   UCSCTL6_L
0000016d   UCSCTL6_H
0000016e   UCSCTL7
0000016e   UCSCTL7_L
0000016f   UCSCTL7_H
00000170   UCSCTL8
00000170   UCSCTL8_L
00000171   UCSCTL8_H
00000180   SYSCTL
00000180   SYSCTL_L
00000181   SYSCTL_H
00000182   SYSBSLC
00000182   SYSBSLC_L
00000183   SYSBSLC_H
00000186   SYSJMBC
00000186   SYSJMBC_L
00000187   SYSJMBC_H
00000188   SYSJMBI0
00000188   SYSJMBI0_L
00000189   SYSJMBI0_H
0000018a   SYSJMBI1
0000018a   SYSJMBI1_L
0000018b   SYSJMBI1_H
0000018c   SYSJMBO0
0000018c   SYSJMBO0_L
0000018d   SYSJMBO0_H
0000018e   SYSJMBO1
0000018e   SYSJMBO1_L
0000018f   SYSJMBO1_H
00000198   SYSBERRIV
00000198   SYSBERRIV_L
00000199   SYSBERRIV_H
0000019a   SYSUNIV
0000019a   SYSUNIV_L
0000019b   SYSUNIV_H
0000019c   SYSSNIV
0000019c   SYSSNIV_L
0000019d   SYSSNIV_H
0000019e   SYSRSTIV
0000019e   SYSRSTIV_L
0000019f   SYSRSTIV_H
000001b0   REFCTL0
000001b0   REFCTL0_L
000001b1   REFCTL0_H
00000200   PAIN
00000200   PAIN_L
00000201   PAIN_H
00000202   PAOUT
00000202   PAOUT_L
00000203   PAOUT_H
00000204   PADIR
00000204   PADIR_L
00000205   PADIR_H
00000206   PAREN
00000206   PAREN_L
00000207   PAREN_H
00000208   PADS
00000208   PADS_L
00000209   PADS_H
0000020a   PASEL
0000020a   PASEL_L
0000020b   PASEL_H
0000020e   P1IV
00000218   PAIES
00000218   PAIES_L
00000219   PAIES_H
0000021a   PAIE
0000021a   PAIE_L
0000021b   PAIE_H
0000021c   PAIFG
0000021c   PAIFG_L
0000021d   PAIFG_H
0000021e   P2IV
00000220   PBIN
00000220   PBIN_L
00000221   PBIN_H
00000222   PBOUT
00000222   PBOUT_L
00000223   PBOUT_H
00000224   PBDIR
00000224   PBDIR_L
00000225   PBDIR_H
00000226   PBREN
00000226   PBREN_L
00000227   PBREN_H
00000228   PBDS
00000228   PBDS_L
00000229   PBDS_H
0000022a   PBSEL
0000022a   PBSEL_L
0000022b   PBSEL_H
00000240   PCIN
00000240   PCIN_L
00000241   PCIN_H
00000242   PCOUT
00000242   PCOUT_L
00000243   PCOUT_H
00000244   PCDIR
00000244   PCDIR_L
00000245   PCDIR_H
00000246   PCREN
00000246   PCREN_L
00000247   PCREN_H
00000248   PCDS
00000248   PCDS_L
00000249   PCDS_H
0000024a   PCSEL
0000024a   PCSEL_L
0000024b   PCSEL_H
00000260   PDIN
00000260   PDIN_L
00000261   PDIN_H
00000262   PDOUT
00000262   PDOUT_L
00000263   PDOUT_H
00000264   PDDIR
00000264   PDDIR_L
00000265   PDDIR_H
00000266   PDREN
00000266   PDREN_L
00000267   PDREN_H
00000268   PDDS
00000268   PDDS_L
00000269   PDDS_H
0000026a   PDSEL
0000026a   PDSEL_L
0000026b   PDSEL_H
00000280   PEIN
00000280   PEIN_L
00000281   PEIN_H
00000282   PEOUT
00000282   PEOUT_L
00000283   PEOUT_H
00000284   PEDIR
00000284   PEDIR_L
00000285   PEDIR_H
00000286   PEREN
00000286   PEREN_L
00000287   PEREN_H
00000288   PEDS
00000288   PEDS_L
00000289   PEDS_H
0000028a   PESEL
0000028a   PESEL_L
0000028b   PESEL_H
000002a0   PFIN
000002a0   PFIN_L
000002a1   PFIN_H
000002a2   PFOUT
000002a2   PFOUT_L
000002a3   PFOUT_H
000002a4   PFDIR
000002a4   PFDIR_L
000002a5   PFDIR_H
000002a6   PFREN
000002a6   PFREN_L
000002a7   PFREN_H
000002a8   PFDS
000002a8   PFDS_L
000002a9   PFDS_H
000002aa   PFSEL
000002aa   PFSEL_L
000002ab   PFSEL_H
00000320   PJIN
00000320   PJIN_L
00000321   PJIN_H
00000322   PJOUT
00000322   PJOUT_L
00000323   PJOUT_H
00000324   PJDIR
00000324   PJDIR_L
00000325   PJDIR_H
00000326   PJREN
00000326   PJREN_L
00000327   PJREN_H
00000328   PJDS
00000328   PJDS_L
00000329   PJDS_H
00000340   TA0CTL
00000342   TA0CCTL0
00000344   TA0CCTL1
00000346   TA0CCTL2
00000348   TA0CCTL3
0000034a   TA0CCTL4
00000350   TA0R
00000352   TA0CCR0
00000354   TA0CCR1
00000356   TA0CCR2
00000358   TA0CCR3
0000035a   TA0CCR4
00000360   TA0EX0
0000036e   TA0IV
00000380   TA1CTL
00000382   TA1CCTL0
00000384   TA1CCTL1
00000386   TA1CCTL2
00000390   TA1R
00000392   TA1CCR0
00000394   TA1CCR1
00000396   TA1CCR2
000003a0   TA1EX0
000003ae   TA1IV
000003c0   TB0CTL
000003c2   TB0CCTL0
000003c4   TB0CCTL1
000003c6   TB0CCTL2
000003c8   TB0CCTL3
000003ca   TB0CCTL4
000003cc   TB0CCTL5
000003ce   TB0CCTL6
000003d0   TB0R
000003d2   TB0CCR0
000003d4   TB0CCR1
000003d6   TB0CCR2
000003d8   TB0CCR3
000003da   TB0CCR4
000003dc   TB0CCR5
000003de   TB0CCR6
000003e0   TB0EX0
000003ee   TB0IV
000004a0   RTCCTL01
000004a0   RTCCTL01_L
000004a1   RTCCTL01_H
000004a2   RTCCTL23
000004a2   RTCCTL23_L
000004a3   RTCCTL23_H
000004a8   RTCPS0CTL
000004a8   RTCPS0CTL_L
000004a9   RTCPS0CTL_H
000004aa   RTCPS1CTL
000004aa   RTCPS1CTL_L
000004ab   RTCPS1CTL_H
000004ac   RTCPS
000004ac   RTCPS_L
000004ad   RTCPS_H
000004ae   RTCIV
000004b0   RTCTIM0
000004b0   RTCTIM0_L
000004b1   RTCTIM0_H
000004b2   RTCTIM1
000004b2   RTCTIM1_L
000004b3   RTCTIM1_H
000004b4   RTCDATE
000004b4   RTCDATE_L
000004b5   RTCDATE_H
000004b6   RTCYEAR
000004b6   RTCYEAR_L
000004b7   RTCYEAR_H
000004b8   RTCAMINHR
000004b8   RTCAMINHR_L
000004b9   RTCAMINHR_H
000004ba   RTCADOWDAY
000004ba   RTCADOWDAY_L
000004bb   RTCADOWDAY_H
000004c0   MPY
000004c0   MPY_L
000004c1   MPY_H
000004c2   MPYS
000004c2   MPYS_L
000004c3   MPYS_H
000004c4   MAC
000004c4   MAC_L
000004c5   MAC_H
000004c6   MACS
000004c6   MACS_L
000004c7   MACS_H
000004c8   OP2
000004c8   OP2_L
000004c9   OP2_H
000004ca   RESLO
000004ca   RESLO_L
000004cb   RESLO_H
000004cc   RESHI
000004cc   RESHI_L
000004cd   RESHI_H
000004ce   SUMEXT
000004ce   SUMEXT_L
000004cf   SUMEXT_H
000004d0   MPY32L
000004d0   MPY32L_L
000004d1   MPY32L_H
000004d2   MPY32H
000004d2   MPY32H_L
000004d3   MPY32H_H
000004d4   MPYS32L
000004d4   MPYS32L_L
000004d5   MPYS32L_H
000004d6   MPYS32H
000004d6   MPYS32H_L
000004d7   MPYS32H_H
000004d8   MAC32L
000004d8   MAC32L_L
000004d9   MAC32L_H
000004da   MAC32H
000004da   MAC32H_L
000004db   MAC32H_H
000004dc   MACS32L
000004dc   MACS32L_L
000004dd   MACS32L_H
000004de   MACS32H
000004de   MACS32H_L
000004df   MACS32H_H
000004e0   OP2L
000004e0   OP2L_L
000004e1   OP2L_H
000004e2   OP2H
000004e2   OP2H_L
000004e3   OP2H_H
000004e4   RES0
000004e4   RES0_L
000004e5   RES0_H
000004e6   RES1
000004e6   RES1_L
000004e7   RES1_H
000004e8   RES2
000004e8   RES2_L
000004e9   RES2_H
000004ea   RES3
000004ea   RES3_L
000004eb   RES3_H
000004ec   MPY32CTL0
000004ec   MPY32CTL0_L
000004ed   MPY32CTL0_H
00000500   DMACTL0
00000500   DMACTL0_L
00000501   DMACTL0_H
00000502   DMACTL1
00000502   DMACTL1_L
00000503   DMACTL1_H
00000504   DMACTL2
00000504   DMACTL2_L
00000505   DMACTL2_H
00000506   DMACTL3
00000506   DMACTL3_L
00000507   DMACTL3_H
00000508   DMACTL4
00000508   DMACTL4_L
00000509   DMACTL4_H
0000050e   DMAIV
0000050e   DMAIV_L
0000050f   DMAIV_H
00000510   DMA0CTL
00000510   DMA0CTL_L
00000511   DMA0CTL_H
00000512   DMA0SA
00000512   DMA0SAL
00000516   DMA0DA
00000516   DMA0DAL
0000051a   DMA0SZ
00000520   DMA1CTL
00000520   DMA1CTL_L
00000521   DMA1CTL_H
00000522   DMA1SA
00000522   DMA1SAL
00000526   DMA1DA
00000526   DMA1DAL
0000052a   DMA1SZ
00000530   DMA2CTL
00000530   DMA2CTL_L
00000531   DMA2CTL_H
00000532   DMA2SA
00000532   DMA2SAL
00000536   DMA2DA
00000536   DMA2DAL
0000053a   DMA2SZ
000005c0   UCA0CTLW0
000005c0   UCA0CTLW0_L
000005c1   UCA0CTLW0_H
000005c6   UCA0BRW
000005c6   UCA0BRW_L
000005c7   UCA0BRW_H
000005c8   UCA0MCTL
000005ca   UCA0STAT
000005cc   UCA0RXBUF
000005ce   UCA0TXBUF
000005d0   UCA0ABCTL
000005d2   UCA0IRCTL
000005d2   UCA0IRCTL_L
000005d3   UCA0IRCTL_H
000005dc   UCA0ICTL
000005dc   UCA0ICTL_L
000005dd   UCA0ICTL_H
000005de   UCA0IV
000005e0   UCB0CTLW0
000005e0   UCB0CTLW0_L
000005e1   UCB0CTLW0_H
000005e6   UCB0BRW
000005e6   UCB0BRW_L
000005e7   UCB0BRW_H
000005ea   UCB0STAT
000005ec   UCB0RXBUF
000005ee   UCB0TXBUF
000005f0   UCB0I2COA
000005f0   UCB0I2COA_L
000005f1   UCB0I2COA_H
000005f2   UCB0I2CSA
000005f2   UCB0I2CSA_L
000005f3   UCB0I2CSA_H
000005fc   UCB0ICTL
000005fc   UCB0ICTL_L
000005fd   UCB0ICTL_H
000005fe   UCB0IV
00000600   UCA1CTLW0
00000600   UCA1CTLW0_L
00000601   UCA1CTLW0_H
00000606   UCA1BRW
00000606   UCA1BRW_L
00000607   UCA1BRW_H
00000608   UCA1MCTL
0000060a   UCA1STAT
0000060c   UCA1RXBUF
0000060e   UCA1TXBUF
00000610   UCA1ABCTL
00000612   UCA1IRCTL
00000612   UCA1IRCTL_L
00000613   UCA1IRCTL_H
0000061c   UCA1ICTL
0000061c   UCA1ICTL_L
0000061d   UCA1ICTL_H
0000061e   UCA1IV
00000620   UCB1CTLW0
00000620   UCB1CTLW0_L
00000621   UCB1CTLW0_H
00000626   UCB1BRW
00000626   UCB1BRW_L
00000627   UCB1BRW_H
0000062a   UCB1STAT
0000062c   UCB1RXBUF
0000062e   UCB1TXBUF
00000630   UCB1I2COA
00000630   UCB1I2COA_L
00000631   UCB1I2COA_H
00000632   UCB1I2CSA
00000632   UCB1I2CSA_L
00000633   UCB1I2CSA_H
0000063c   UCB1ICTL
0000063c   UCB1ICTL_L
0000063d   UCB1ICTL_H
0000063e   UCB1IV
00000640   UCA2CTLW0
00000640   UCA2CTLW0_L
00000641   UCA2CTLW0_H
00000646   UCA2BRW
00000646   UCA2BRW_L
00000647   UCA2BRW_H
00000648   UCA2MCTL
0000064a   UCA2STAT
0000064c   UCA2RXBUF
0000064e   UCA2TXBUF
00000650   UCA2ABCTL
00000652   UCA2IRCTL
00000652   UCA2IRCTL_L
00000653   UCA2IRCTL_H
0000065c   UCA2ICTL
0000065c   UCA2ICTL_L
0000065d   UCA2ICTL_H
0000065e   UCA2IV
00000660   UCB2CTLW0
00000660   UCB2CTLW0_L
00000661   UCB2CTLW0_H
00000666   UCB2BRW
00000666   UCB2BRW_L
00000667   UCB2BRW_H
0000066a   UCB2STAT
0000066c   UCB2RXBUF
0000066e   UCB2TXBUF
00000670   UCB2I2COA
00000670   UCB2I2COA_L
00000671   UCB2I2COA_H
00000672   UCB2I2CSA
00000672   UCB2I2CSA_L
00000673   UCB2I2CSA_H
0000067c   UCB2ICTL
0000067c   UCB2ICTL_L
0000067d   UCB2ICTL_H
0000067e   UCB2IV
00000680   UCA3CTLW0
00000680   UCA3CTLW0_L
00000681   UCA3CTLW0_H
00000686   UCA3BRW
00000686   UCA3BRW_L
00000687   UCA3BRW_H
00000688   UCA3MCTL
0000068a   UCA3STAT
0000068c   UCA3RXBUF
0000068e   UCA3TXBUF
00000690   UCA3ABCTL
00000692   UCA3IRCTL
00000692   UCA3IRCTL_L
00000693   UCA3IRCTL_H
0000069c   UCA3ICTL
0000069c   UCA3ICTL_L
0000069d   UCA3ICTL_H
0000069e   UCA3IV
000006a0   UCB3CTLW0
000006a0   UCB3CTLW0_L
000006a1   UCB3CTLW0_H
000006a6   UCB3BRW
000006a6   UCB3BRW_L
000006a7   UCB3BRW_H
000006aa   UCB3STAT
000006ac   UCB3RXBUF
000006ae   UCB3TXBUF
000006b0   UCB3I2COA
000006b0   UCB3I2COA_L
000006b1   UCB3I2COA_H
000006b2   UCB3I2CSA
000006b2   UCB3I2CSA_L
000006b3   UCB3I2CSA_H
000006bc   UCB3ICTL
000006bc   UCB3ICTL_L
000006bd   UCB3ICTL_H
000006be   UCB3IV
00000700   ADC12CTL0
00000700   ADC12CTL0_L
00000701   ADC12CTL0_H
00000702   ADC12CTL1
00000702   ADC12CTL1_L
00000703   ADC12CTL1_H
00000704   ADC12CTL2
00000704   ADC12CTL2_L
00000705   ADC12CTL2_H
0000070a   ADC12IFG
0000070a   ADC12IFG_L
0000070b   ADC12IFG_H
0000070c   ADC12IE
0000070c   ADC12IE_L
0000070d   ADC12IE_H
0000070e   ADC12IV
0000070e   ADC12IV_L
0000070f   ADC12IV_H
00000710   ADC12MCTL0
00000711   ADC12MCTL1
00000712   ADC12MCTL2
00000713   ADC12MCTL3
00000714   ADC12MCTL4
00000715   ADC12MCTL5
00000716   ADC12MCTL6
00000717   ADC12MCTL7
00000718   ADC12MCTL8
00000719   ADC12MCTL9
0000071a   ADC12MCTL10
0000071b   ADC12MCTL11
0000071c   ADC12MCTL12
0000071d   ADC12MCTL13
0000071e   ADC12MCTL14
0000071f   ADC12MCTL15
00000720   ADC12MEM0
00000720   ADC12MEM0_L
00000721   ADC12MEM0_H
00000722   ADC12MEM1
00000722   ADC12MEM1_L
00000723   ADC12MEM1_H
00000724   ADC12MEM2
00000724   ADC12MEM2_L
00000725   ADC12MEM2_H
00000726   ADC12MEM3
00000726   ADC12MEM3_L
00000727   ADC12MEM3_H
00000728   ADC12MEM4
00000728   ADC12MEM4_L
00000729   ADC12MEM4_H
0000072a   ADC12MEM5
0000072a   ADC12MEM5_L
0000072b   ADC12MEM5_H
0000072c   ADC12MEM6
0000072c   ADC12MEM6_L
0000072d   ADC12MEM6_H
0000072e   ADC12MEM7
0000072e   ADC12MEM7_L
0000072f   ADC12MEM7_H
00000730   ADC12MEM8
00000730   ADC12MEM8_L
00000731   ADC12MEM8_H
00000732   ADC12MEM9
00000732   ADC12MEM9_L
00000733   ADC12MEM9_H
00000734   ADC12MEM10
00000734   ADC12MEM10_L
00000735   ADC12MEM10_H
00000736   ADC12MEM11
00000736   ADC12MEM11_L
00000737   ADC12MEM11_H
00000738   ADC12MEM12
00000738   ADC12MEM12_L
00000739   ADC12MEM12_H
0000073a   ADC12MEM13
0000073a   ADC12MEM13_L
0000073b   ADC12MEM13_H
0000073c   ADC12MEM14
0000073c   ADC12MEM14_L
0000073d   ADC12MEM14_H
0000073e   ADC12MEM15
0000073e   ADC12MEM15_L
0000073f   ADC12MEM15_H
00001c00   LCD_MEM
00002a9c   rcvbuff
00002b9c   strbuf
00002d4c   LcdInitMacro
00002db8   _FDenorm
00002dc8   _FEps
00002dd8   _FInf
00002de8   _FNan
00002df8   _FSnan
00002e08   _FRteps
00002e18   _FXbig
00002e1c   _FZero
00002e20   redraw
00002e22   last_adc_value
00002e24   max_adc_value
00002e26   min_adc_value
00002e28   adc_probes
00002e2a   sound_prev_value
00002e2c   sound_level_value
00002e2e   sound_level_threshold
00002e30   samples_above_threshold
00002e32   samples_below_threshold
00002e34   samples_peaks
00002e36   _lock
00002e3a   _unlock
00002e3e   _Fenv
00002e42   _Tls_setup__Fenv
00002e46   Draw_Block_Address_Macro
00002e4c   Draw_Block_Value_Macro
00002e52   LcdAddress
00002e54   LcdTableAddress
00002e56   contrast
00002e57   backlight
00002e58   _Errno
00002e5a   receiveBufferSize
00002e5b   cmdbuff_size
00002e5c   buttons_pressed
00005b60   _stack
00005c00   ADC12_ISR
00005c00   __STACK_END
00005c60   PORT2_ISR
00005ca0   TIMER0_B0_ISR
00005cd8   USCI_A1_ISR
00005cf8   _c_int00
00005cf8   _c_int00_noexit
00005d12   GrayScale_fonts
00006566   fonts
00006dba   _ctypes_
00006ebc   fonts_lookup
000070bc   __TI_Handler_Table_Base
000070c8   __TI_Handler_Table_Limit
000070ce   __TI_CINIT_Base
000070de   __TI_CINIT_Limit
0000ffd2   __TI_int41
0000ffd4   __TI_int42
0000ffd6   __TI_int43
0000ffd8   __TI_int44
0000ffda   __TI_int45
0000ffdc   __TI_int46
0000ffde   __TI_int47
0000ffe0   __TI_int48
0000ffe2   __TI_int49
0000ffe4   __TI_int50
0000ffe6   __TI_int51
0000ffe8   __TI_int52
0000ffea   __TI_int53
0000ffec   __TI_int54
0000ffee   __TI_int55
0000fff0   __TI_int56
0000fff2   __TI_int57
0000fff4   __TI_int58
0000fff6   __TI_int59
0000fffa   __TI_int61
0000fffc   __TI_int62
0000fffe   _reset_vector
00010000   __TI_frcdivd
00010452   __mspabi_divull
000107e0   __TI_frcmpyd
00010ac4   __mspabi_addd
00010d9c   __mspabi_mpyd
0001101e   _FLog
000114e0   __TI_frcaddd
0001195e   __mspabi_divd
00011b80   sound_meter_main
00011fb6   __TI_printfi
000126e2   halLcdPrint
000129ae   __mspabi_subf
000129b4   __mspabi_addf
00012de6   __mspabi_cmpd
00012ebe   halLcdClearScreen
00012f82   __mspabi_mpyf
00013038   __TI_renormd
00013192   __mspabi_fltlid
00013226   halLcdInit
000132ba   __mspabi_divf
00013348   _FDnorm
000134e4   ltoa
00013660   _auto_init_hold_wdt
000136ce   halLcdDrawCurrentBlock
0001373a   __mspabi_fixdul
000137a2   __mspabi_fixdli
00013808   _FDunscale
0001386c   __mspabi_cvtfd
00013932   atoi
00013994   __mspabi_mpyll_f5hw
000139ee   __mspabi_divul
000139ee   __mspabi_remul
00013a46   _Dclass
00013ae4   lcd_init
00013b32   __mspabi_cmpf
00013b7c   halLcdSendCommand
00013c0a   sprintf
00013c4e   __mspabi_divli
00013c4e   __mspabi_remli
00013c8e   __mspabi_sral_15
00013c92   __mspabi_sral_14
00013c96   __mspabi_sral_13
00013c9a   __mspabi_sral_12
00013c9e   __mspabi_sral_11
00013ca2   __mspabi_sral_10
00013ca6   __mspabi_sral_9
00013caa   __mspabi_sral_8
00013cae   __mspabi_sral_7
00013cb2   __mspabi_sral_6
00013cb6   __mspabi_sral_5
00013cba   __mspabi_sral_4
00013cbe   __mspabi_sral_3
00013cc2   __mspabi_sral_2
00013cc6   __mspabi_sral_1
00013ccc   __mspabi_slll_15
00013cd0   __mspabi_slll_14
00013cd4   __mspabi_slll_13
00013cd8   __mspabi_slll_12
00013cdc   __mspabi_slll_11
00013ce0   __mspabi_slll_10
00013ce4   __mspabi_slll_9
00013ce8   __mspabi_slll_8
00013cec   __mspabi_slll_7
00013cf0   __mspabi_slll_6
00013cf4   __mspabi_slll_5
00013cf8   __mspabi_slll_4
00013cfc   __mspabi_slll_3
00013d00   __mspabi_slll_2
00013d04   __mspabi_slll_1
00013d0a   __mspabi_srll_15
00013d0e   __mspabi_srll_14
00013d12   __mspabi_srll_13
00013d16   __mspabi_srll_12
00013d1a   __mspabi_srll_11
00013d1e   __mspabi_srll_10
00013d22   __mspabi_srll_9
00013d26   __mspabi_srll_8
00013d2a   __mspabi_srll_7
00013d2e   __mspabi_srll_6
00013d32   __mspabi_srll_5
00013d36   __mspabi_srll_4
00013d3a   __mspabi_srll_3
00013d3e   __mspabi_srll_2
00013d42   __mspabi_srll_1
00013d48   __mspabi_sllll
00013d82   __mspabi_srlll
00013dbc   signal
00013df4   _Feraise
00013e2a   __mspabi_fltif
00013e60   feraiseexcept
00013e94   halLcdActive
00013ec8   halLcdSetAddress
00013efc   __mspabi_subd
00013f2e   raise
00013f60   __mspabi_negd
00013f8e   adc_init
00013fba   __TI_zero_init
00013fde   halLcdPrintLine
00014002   __mspabi_fltuf
00014026   halLcdSetContrast
00014048   __mspabi_mpyl_f5hw
0001408a   memccpy
000140aa   memset
000140c0   __mspabi_divu
000140c0   __mspabi_remu
000140d6   __mspabi_mpyi_f5hw
00014100   memcpy
00014114   __mspabi_fixdu
00014126   __TI_decompress_none
00014138   toupper
0001414a   __mspabi_sral
0001415a   __mspabi_slll
0001416a   __mspabi_srll
0001417a   halLcdDrawBlock
00014188   main
00014196   strlen
000141a4   abs
000141ae   __mspabi_negf
000141b8   __TI_ISR_TRAP
000141be   __TI_decompress_rle24
000141c4   log10f
000141ca   _system_pre_init
000141ce   C$$EXIT
000141ce   abort
000141d2   _nop
ffffffff   __binit__
ffffffff   __c_args__
ffffffff   binit
UNDEFED    __TI_INITARRAY_Base
UNDEFED    __TI_INITARRAY_Limit

[882 symbols]


HIDDEN SYMBOLS: 

address    name
--------   ----
0000fff8   __TI_int60

[1 hidden symbols]
