<?xml version="1.0"?>
<link_info>
   <banner>MSP430 Linker PC v4.3.3</banner>
   <copyright>Copyright (c) 2003-2014 Texas Instruments Incorporated</copyright>
   <link_time>0x5488d359</link_time>
   <link_errors>0x0</link_errors>
   <output_file>Mikroshemtehnika_Labs_MSP430F5438A.out</output_file>
   <entry_point>
      <name>_c_int00</name>
      <address>0x5cf8</address>
   </entry_point>
   <input_file_list>
      <input_file id="fl-2">
         <path>.\</path>
         <kind>object</kind>
         <file>blink.obj</file>
         <name>blink.obj</name>
      </input_file>
      <input_file id="fl-3">
         <path>.\</path>
         <kind>object</kind>
         <file>clock.obj</file>
         <name>clock.obj</name>
      </input_file>
      <input_file id="fl-4">
         <path>.\</path>
         <kind>object</kind>
         <file>common.obj</file>
         <name>common.obj</name>
      </input_file>
      <input_file id="fl-5">
         <path>.\</path>
         <kind>object</kind>
         <file>flash.obj</file>
         <name>flash.obj</name>
      </input_file>
      <input_file id="fl-6">
         <path>.\</path>
         <kind>object</kind>
         <file>main.obj</file>
         <name>main.obj</name>
      </input_file>
      <input_file id="fl-7">
         <path>.\</path>
         <kind>object</kind>
         <file>pwm.obj</file>
         <name>pwm.obj</name>
      </input_file>
      <input_file id="fl-8">
         <path>.\</path>
         <kind>object</kind>
         <file>slots.obj</file>
         <name>slots.obj</name>
      </input_file>
      <input_file id="fl-9">
         <path>.\</path>
         <kind>object</kind>
         <file>sound_meter.obj</file>
         <name>sound_meter.obj</name>
      </input_file>
      <input_file id="fl-a">
         <path>.\</path>
         <kind>object</kind>
         <file>timers.obj</file>
         <name>timers.obj</name>
      </input_file>
      <input_file id="fl-b">
         <path>.\</path>
         <kind>object</kind>
         <file>uart.obj</file>
         <name>uart.obj</name>
      </input_file>
      <input_file id="fl-c">
         <path>.\driverlib\MSP430F5xx_6xx\</path>
         <kind>object</kind>
         <file>adc10_a.obj</file>
         <name>adc10_a.obj</name>
      </input_file>
      <input_file id="fl-d">
         <path>.\driverlib\MSP430F5xx_6xx\</path>
         <kind>object</kind>
         <file>adc12_a.obj</file>
         <name>adc12_a.obj</name>
      </input_file>
      <input_file id="fl-e">
         <path>.\driverlib\MSP430F5xx_6xx\</path>
         <kind>object</kind>
         <file>aes.obj</file>
         <name>aes.obj</name>
      </input_file>
      <input_file id="fl-f">
         <path>.\driverlib\MSP430F5xx_6xx\</path>
         <kind>object</kind>
         <file>bak_batt.obj</file>
         <name>bak_batt.obj</name>
      </input_file>
      <input_file id="fl-10">
         <path>.\driverlib\MSP430F5xx_6xx\</path>
         <kind>object</kind>
         <file>comp_b.obj</file>
         <name>comp_b.obj</name>
      </input_file>
      <input_file id="fl-11">
         <path>.\driverlib\MSP430F5xx_6xx\</path>
         <kind>object</kind>
         <file>crc.obj</file>
         <name>crc.obj</name>
      </input_file>
      <input_file id="fl-12">
         <path>.\driverlib\MSP430F5xx_6xx\</path>
         <kind>object</kind>
         <file>dac12_a.obj</file>
         <name>dac12_a.obj</name>
      </input_file>
      <input_file id="fl-13">
         <path>.\driverlib\MSP430F5xx_6xx\</path>
         <kind>object</kind>
         <file>dma.obj</file>
         <name>dma.obj</name>
      </input_file>
      <input_file id="fl-14">
         <path>.\driverlib\MSP430F5xx_6xx\</path>
         <kind>object</kind>
         <file>eusci_a_spi.obj</file>
         <name>eusci_a_spi.obj</name>
      </input_file>
      <input_file id="fl-15">
         <path>.\driverlib\MSP430F5xx_6xx\</path>
         <kind>object</kind>
         <file>eusci_a_uart.obj</file>
         <name>eusci_a_uart.obj</name>
      </input_file>
      <input_file id="fl-16">
         <path>.\driverlib\MSP430F5xx_6xx\</path>
         <kind>object</kind>
         <file>eusci_b_i2c.obj</file>
         <name>eusci_b_i2c.obj</name>
      </input_file>
      <input_file id="fl-17">
         <path>.\driverlib\MSP430F5xx_6xx\</path>
         <kind>object</kind>
         <file>eusci_b_spi.obj</file>
         <name>eusci_b_spi.obj</name>
      </input_file>
      <input_file id="fl-18">
         <path>.\driverlib\MSP430F5xx_6xx\</path>
         <kind>object</kind>
         <file>eusci_i2c.obj</file>
         <name>eusci_i2c.obj</name>
      </input_file>
      <input_file id="fl-19">
         <path>.\driverlib\MSP430F5xx_6xx\</path>
         <kind>object</kind>
         <file>eusci_spi.obj</file>
         <name>eusci_spi.obj</name>
      </input_file>
      <input_file id="fl-1a">
         <path>.\driverlib\MSP430F5xx_6xx\</path>
         <kind>object</kind>
         <file>eusci_uart.obj</file>
         <name>eusci_uart.obj</name>
      </input_file>
      <input_file id="fl-1b">
         <path>.\driverlib\MSP430F5xx_6xx\</path>
         <kind>object</kind>
         <file>flash.obj</file>
         <name>flash.obj</name>
      </input_file>
      <input_file id="fl-1c">
         <path>.\driverlib\MSP430F5xx_6xx\</path>
         <kind>object</kind>
         <file>gpio.obj</file>
         <name>gpio.obj</name>
      </input_file>
      <input_file id="fl-1d">
         <path>.\driverlib\MSP430F5xx_6xx\</path>
         <kind>object</kind>
         <file>ldopwr.obj</file>
         <name>ldopwr.obj</name>
      </input_file>
      <input_file id="fl-1e">
         <path>.\driverlib\MSP430F5xx_6xx\</path>
         <kind>object</kind>
         <file>mpy32.obj</file>
         <name>mpy32.obj</name>
      </input_file>
      <input_file id="fl-1f">
         <path>.\driverlib\MSP430F5xx_6xx\</path>
         <kind>object</kind>
         <file>pmap.obj</file>
         <name>pmap.obj</name>
      </input_file>
      <input_file id="fl-20">
         <path>.\driverlib\MSP430F5xx_6xx\</path>
         <kind>object</kind>
         <file>pmm.obj</file>
         <name>pmm.obj</name>
      </input_file>
      <input_file id="fl-21">
         <path>.\driverlib\MSP430F5xx_6xx\</path>
         <kind>object</kind>
         <file>ram.obj</file>
         <name>ram.obj</name>
      </input_file>
      <input_file id="fl-22">
         <path>.\driverlib\MSP430F5xx_6xx\</path>
         <kind>object</kind>
         <file>ref.obj</file>
         <name>ref.obj</name>
      </input_file>
      <input_file id="fl-23">
         <path>.\driverlib\MSP430F5xx_6xx\</path>
         <kind>object</kind>
         <file>rtc_a.obj</file>
         <name>rtc_a.obj</name>
      </input_file>
      <input_file id="fl-24">
         <path>.\driverlib\MSP430F5xx_6xx\</path>
         <kind>object</kind>
         <file>rtc_b.obj</file>
         <name>rtc_b.obj</name>
      </input_file>
      <input_file id="fl-25">
         <path>.\driverlib\MSP430F5xx_6xx\</path>
         <kind>object</kind>
         <file>rtc_c.obj</file>
         <name>rtc_c.obj</name>
      </input_file>
      <input_file id="fl-26">
         <path>.\driverlib\MSP430F5xx_6xx\</path>
         <kind>object</kind>
         <file>sd24_b.obj</file>
         <name>sd24_b.obj</name>
      </input_file>
      <input_file id="fl-27">
         <path>.\driverlib\MSP430F5xx_6xx\</path>
         <kind>object</kind>
         <file>sfr.obj</file>
         <name>sfr.obj</name>
      </input_file>
      <input_file id="fl-28">
         <path>.\driverlib\MSP430F5xx_6xx\</path>
         <kind>object</kind>
         <file>sys.obj</file>
         <name>sys.obj</name>
      </input_file>
      <input_file id="fl-29">
         <path>.\driverlib\MSP430F5xx_6xx\</path>
         <kind>object</kind>
         <file>tec.obj</file>
         <name>tec.obj</name>
      </input_file>
      <input_file id="fl-2a">
         <path>.\driverlib\MSP430F5xx_6xx\</path>
         <kind>object</kind>
         <file>timer_a.obj</file>
         <name>timer_a.obj</name>
      </input_file>
      <input_file id="fl-2b">
         <path>.\driverlib\MSP430F5xx_6xx\</path>
         <kind>object</kind>
         <file>timer_b.obj</file>
         <name>timer_b.obj</name>
      </input_file>
      <input_file id="fl-2c">
         <path>.\driverlib\MSP430F5xx_6xx\</path>
         <kind>object</kind>
         <file>timer_d.obj</file>
         <name>timer_d.obj</name>
      </input_file>
      <input_file id="fl-2d">
         <path>.\driverlib\MSP430F5xx_6xx\</path>
         <kind>object</kind>
         <file>tlv.obj</file>
         <name>tlv.obj</name>
      </input_file>
      <input_file id="fl-2e">
         <path>.\driverlib\MSP430F5xx_6xx\</path>
         <kind>object</kind>
         <file>ucs.obj</file>
         <name>ucs.obj</name>
      </input_file>
      <input_file id="fl-2f">
         <path>.\driverlib\MSP430F5xx_6xx\</path>
         <kind>object</kind>
         <file>usci_a_spi.obj</file>
         <name>usci_a_spi.obj</name>
      </input_file>
      <input_file id="fl-30">
         <path>.\driverlib\MSP430F5xx_6xx\</path>
         <kind>object</kind>
         <file>usci_a_uart.obj</file>
         <name>usci_a_uart.obj</name>
      </input_file>
      <input_file id="fl-31">
         <path>.\driverlib\MSP430F5xx_6xx\</path>
         <kind>object</kind>
         <file>usci_b_i2c.obj</file>
         <name>usci_b_i2c.obj</name>
      </input_file>
      <input_file id="fl-32">
         <path>.\driverlib\MSP430F5xx_6xx\</path>
         <kind>object</kind>
         <file>usci_b_spi.obj</file>
         <name>usci_b_spi.obj</name>
      </input_file>
      <input_file id="fl-33">
         <path>.\driverlib\MSP430F5xx_6xx\</path>
         <kind>object</kind>
         <file>usci_i2c.obj</file>
         <name>usci_i2c.obj</name>
      </input_file>
      <input_file id="fl-34">
         <path>.\driverlib\MSP430F5xx_6xx\</path>
         <kind>object</kind>
         <file>usci_spi.obj</file>
         <name>usci_spi.obj</name>
      </input_file>
      <input_file id="fl-35">
         <path>.\driverlib\MSP430F5xx_6xx\</path>
         <kind>object</kind>
         <file>usci_uart.obj</file>
         <name>usci_uart.obj</name>
      </input_file>
      <input_file id="fl-36">
         <path>.\driverlib\MSP430F5xx_6xx\</path>
         <kind>object</kind>
         <file>wdt_a.obj</file>
         <name>wdt_a.obj</name>
      </input_file>
      <input_file id="fl-37">
         <path>.\driverlib\MSP430F5xx_6xx\deprecated\</path>
         <kind>object</kind>
         <file>dma.obj</file>
         <name>dma.obj</name>
      </input_file>
      <input_file id="fl-38">
         <path>.\driverlib\MSP430F5xx_6xx\deprecated\</path>
         <kind>object</kind>
         <file>flash.obj</file>
         <name>flash.obj</name>
      </input_file>
      <input_file id="fl-39">
         <path>.\driverlib\MSP430F5xx_6xx\deprecated\</path>
         <kind>object</kind>
         <file>mpy32.obj</file>
         <name>mpy32.obj</name>
      </input_file>
      <input_file id="fl-3a">
         <path>.\driverlib\MSP430F5xx_6xx\deprecated\</path>
         <kind>object</kind>
         <file>pmm.obj</file>
         <name>pmm.obj</name>
      </input_file>
      <input_file id="fl-3b">
         <path>.\driverlib\MSP430F5xx_6xx\deprecated\</path>
         <kind>object</kind>
         <file>ram.obj</file>
         <name>ram.obj</name>
      </input_file>
      <input_file id="fl-3c">
         <path>.\driverlib\MSP430F5xx_6xx\deprecated\</path>
         <kind>object</kind>
         <file>sfr.obj</file>
         <name>sfr.obj</name>
      </input_file>
      <input_file id="fl-3d">
         <path>.\driverlib\MSP430F5xx_6xx\deprecated\</path>
         <kind>object</kind>
         <file>sys.obj</file>
         <name>sys.obj</name>
      </input_file>
      <input_file id="fl-3e">
         <path>.\driverlib\MSP430F5xx_6xx\deprecated\</path>
         <kind>object</kind>
         <file>ucs.obj</file>
         <name>ucs.obj</name>
      </input_file>
      <input_file id="fl-3f">
         <path>.\MSP-EXP430F5438_HAL\</path>
         <kind>object</kind>
         <file>hal_board.obj</file>
         <name>hal_board.obj</name>
      </input_file>
      <input_file id="fl-40">
         <path>.\MSP-EXP430F5438_HAL\</path>
         <kind>object</kind>
         <file>hal_buttons.obj</file>
         <name>hal_buttons.obj</name>
      </input_file>
      <input_file id="fl-41">
         <path>.\MSP-EXP430F5438_HAL\</path>
         <kind>object</kind>
         <file>hal_lcd.obj</file>
         <name>hal_lcd.obj</name>
      </input_file>
      <input_file id="fl-42">
         <path>.\MSP-EXP430F5438_HAL\</path>
         <kind>object</kind>
         <file>hal_lcd_fonts.obj</file>
         <name>hal_lcd_fonts.obj</name>
      </input_file>
      <input_file id="fl-71">
         <path>D:\Soft\ti\ccsv6\tools\compiler\msp430_4.3.3\lib\</path>
         <kind>archive</kind>
         <file>rts430x_lc_rd_eabi.lib</file>
         <name>boot.obj</name>
      </input_file>
      <input_file id="fl-72">
         <path>D:\Soft\ti\ccsv6\tools\compiler\msp430_4.3.3\lib\</path>
         <kind>archive</kind>
         <file>rts430x_lc_rd_eabi.lib</file>
         <name>copy_decompress_none.obj</name>
      </input_file>
      <input_file id="fl-73">
         <path>D:\Soft\ti\ccsv6\tools\compiler\msp430_4.3.3\lib\</path>
         <kind>archive</kind>
         <file>rts430x_lc_rd_eabi.lib</file>
         <name>copy_decompress_rle.obj</name>
      </input_file>
      <input_file id="fl-74">
         <path>D:\Soft\ti\ccsv6\tools\compiler\msp430_4.3.3\lib\</path>
         <kind>archive</kind>
         <file>rts430x_lc_rd_eabi.lib</file>
         <name>copy_zero_init.obj</name>
      </input_file>
      <input_file id="fl-75">
         <path>D:\Soft\ti\ccsv6\tools\compiler\msp430_4.3.3\lib\</path>
         <kind>archive</kind>
         <file>rts430x_lc_rd_eabi.lib</file>
         <name>cvtfd.obj</name>
      </input_file>
      <input_file id="fl-76">
         <path>D:\Soft\ti\ccsv6\tools\compiler\msp430_4.3.3\lib\</path>
         <kind>archive</kind>
         <file>rts430x_lc_rd_eabi.lib</file>
         <name>div16s.obj</name>
      </input_file>
      <input_file id="fl-77">
         <path>D:\Soft\ti\ccsv6\tools\compiler\msp430_4.3.3\lib\</path>
         <kind>archive</kind>
         <file>rts430x_lc_rd_eabi.lib</file>
         <name>div16u.obj</name>
      </input_file>
      <input_file id="fl-78">
         <path>D:\Soft\ti\ccsv6\tools\compiler\msp430_4.3.3\lib\</path>
         <kind>archive</kind>
         <file>rts430x_lc_rd_eabi.lib</file>
         <name>div32s.obj</name>
      </input_file>
      <input_file id="fl-79">
         <path>D:\Soft\ti\ccsv6\tools\compiler\msp430_4.3.3\lib\</path>
         <kind>archive</kind>
         <file>rts430x_lc_rd_eabi.lib</file>
         <name>div32u.obj</name>
      </input_file>
      <input_file id="fl-7a">
         <path>D:\Soft\ti\ccsv6\tools\compiler\msp430_4.3.3\lib\</path>
         <kind>archive</kind>
         <file>rts430x_lc_rd_eabi.lib</file>
         <name>exit.obj</name>
      </input_file>
      <input_file id="fl-7b">
         <path>D:\Soft\ti\ccsv6\tools\compiler\msp430_4.3.3\lib\</path>
         <kind>archive</kind>
         <file>rts430x_lc_rd_eabi.lib</file>
         <name>fs_div.obj</name>
      </input_file>
      <input_file id="fl-7c">
         <path>D:\Soft\ti\ccsv6\tools\compiler\msp430_4.3.3\lib\</path>
         <kind>archive</kind>
         <file>rts430x_lc_rd_eabi.lib</file>
         <name>fs_mpy.obj</name>
      </input_file>
      <input_file id="fl-7d">
         <path>D:\Soft\ti\ccsv6\tools\compiler\msp430_4.3.3\lib\</path>
         <kind>archive</kind>
         <file>rts430x_lc_rd_eabi.lib</file>
         <name>fs_utof.obj</name>
      </input_file>
      <input_file id="fl-7e">
         <path>D:\Soft\ti\ccsv6\tools\compiler\msp430_4.3.3\lib\</path>
         <kind>archive</kind>
         <file>rts430x_lc_rd_eabi.lib</file>
         <name>int41.obj</name>
      </input_file>
      <input_file id="fl-7f">
         <path>D:\Soft\ti\ccsv6\tools\compiler\msp430_4.3.3\lib\</path>
         <kind>archive</kind>
         <file>rts430x_lc_rd_eabi.lib</file>
         <name>int43.obj</name>
      </input_file>
      <input_file id="fl-80">
         <path>D:\Soft\ti\ccsv6\tools\compiler\msp430_4.3.3\lib\</path>
         <kind>archive</kind>
         <file>rts430x_lc_rd_eabi.lib</file>
         <name>int44.obj</name>
      </input_file>
      <input_file id="fl-81">
         <path>D:\Soft\ti\ccsv6\tools\compiler\msp430_4.3.3\lib\</path>
         <kind>archive</kind>
         <file>rts430x_lc_rd_eabi.lib</file>
         <name>int45.obj</name>
      </input_file>
      <input_file id="fl-82">
         <path>D:\Soft\ti\ccsv6\tools\compiler\msp430_4.3.3\lib\</path>
         <kind>archive</kind>
         <file>rts430x_lc_rd_eabi.lib</file>
         <name>int47.obj</name>
      </input_file>
      <input_file id="fl-83">
         <path>D:\Soft\ti\ccsv6\tools\compiler\msp430_4.3.3\lib\</path>
         <kind>archive</kind>
         <file>rts430x_lc_rd_eabi.lib</file>
         <name>int48.obj</name>
      </input_file>
      <input_file id="fl-84">
         <path>D:\Soft\ti\ccsv6\tools\compiler\msp430_4.3.3\lib\</path>
         <kind>archive</kind>
         <file>rts430x_lc_rd_eabi.lib</file>
         <name>int49.obj</name>
      </input_file>
      <input_file id="fl-85">
         <path>D:\Soft\ti\ccsv6\tools\compiler\msp430_4.3.3\lib\</path>
         <kind>archive</kind>
         <file>rts430x_lc_rd_eabi.lib</file>
         <name>int50.obj</name>
      </input_file>
      <input_file id="fl-86">
         <path>D:\Soft\ti\ccsv6\tools\compiler\msp430_4.3.3\lib\</path>
         <kind>archive</kind>
         <file>rts430x_lc_rd_eabi.lib</file>
         <name>int51.obj</name>
      </input_file>
      <input_file id="fl-87">
         <path>D:\Soft\ti\ccsv6\tools\compiler\msp430_4.3.3\lib\</path>
         <kind>archive</kind>
         <file>rts430x_lc_rd_eabi.lib</file>
         <name>int52.obj</name>
      </input_file>
      <input_file id="fl-88">
         <path>D:\Soft\ti\ccsv6\tools\compiler\msp430_4.3.3\lib\</path>
         <kind>archive</kind>
         <file>rts430x_lc_rd_eabi.lib</file>
         <name>int53.obj</name>
      </input_file>
      <input_file id="fl-89">
         <path>D:\Soft\ti\ccsv6\tools\compiler\msp430_4.3.3\lib\</path>
         <kind>archive</kind>
         <file>rts430x_lc_rd_eabi.lib</file>
         <name>int54.obj</name>
      </input_file>
      <input_file id="fl-8a">
         <path>D:\Soft\ti\ccsv6\tools\compiler\msp430_4.3.3\lib\</path>
         <kind>archive</kind>
         <file>rts430x_lc_rd_eabi.lib</file>
         <name>int56.obj</name>
      </input_file>
      <input_file id="fl-8b">
         <path>D:\Soft\ti\ccsv6\tools\compiler\msp430_4.3.3\lib\</path>
         <kind>archive</kind>
         <file>rts430x_lc_rd_eabi.lib</file>
         <name>int57.obj</name>
      </input_file>
      <input_file id="fl-8c">
         <path>D:\Soft\ti\ccsv6\tools\compiler\msp430_4.3.3\lib\</path>
         <kind>archive</kind>
         <file>rts430x_lc_rd_eabi.lib</file>
         <name>int58.obj</name>
      </input_file>
      <input_file id="fl-8d">
         <path>D:\Soft\ti\ccsv6\tools\compiler\msp430_4.3.3\lib\</path>
         <kind>archive</kind>
         <file>rts430x_lc_rd_eabi.lib</file>
         <name>int59.obj</name>
      </input_file>
      <input_file id="fl-8e">
         <path>D:\Soft\ti\ccsv6\tools\compiler\msp430_4.3.3\lib\</path>
         <kind>archive</kind>
         <file>rts430x_lc_rd_eabi.lib</file>
         <name>int61.obj</name>
      </input_file>
      <input_file id="fl-8f">
         <path>D:\Soft\ti\ccsv6\tools\compiler\msp430_4.3.3\lib\</path>
         <kind>archive</kind>
         <file>rts430x_lc_rd_eabi.lib</file>
         <name>int62.obj</name>
      </input_file>
      <input_file id="fl-90">
         <path>D:\Soft\ti\ccsv6\tools\compiler\msp430_4.3.3\lib\</path>
         <kind>archive</kind>
         <file>rts430x_lc_rd_eabi.lib</file>
         <name>isr_trap.obj</name>
      </input_file>
      <input_file id="fl-91">
         <path>D:\Soft\ti\ccsv6\tools\compiler\msp430_4.3.3\lib\</path>
         <kind>archive</kind>
         <file>rts430x_lc_rd_eabi.lib</file>
         <name>log10f.obj</name>
      </input_file>
      <input_file id="fl-92">
         <path>D:\Soft\ti\ccsv6\tools\compiler\msp430_4.3.3\lib\</path>
         <kind>archive</kind>
         <file>rts430x_lc_rd_eabi.lib</file>
         <name>lsl16.obj</name>
      </input_file>
      <input_file id="fl-93">
         <path>D:\Soft\ti\ccsv6\tools\compiler\msp430_4.3.3\lib\</path>
         <kind>archive</kind>
         <file>rts430x_lc_rd_eabi.lib</file>
         <name>memcpy.obj</name>
      </input_file>
      <input_file id="fl-94">
         <path>D:\Soft\ti\ccsv6\tools\compiler\msp430_4.3.3\lib\</path>
         <kind>archive</kind>
         <file>rts430x_lc_rd_eabi.lib</file>
         <name>mpu_init.obj</name>
      </input_file>
      <input_file id="fl-95">
         <path>D:\Soft\ti\ccsv6\tools\compiler\msp430_4.3.3\lib\</path>
         <kind>archive</kind>
         <file>rts430x_lc_rd_eabi.lib</file>
         <name>mult16_f5hw.obj</name>
      </input_file>
      <input_file id="fl-96">
         <path>D:\Soft\ti\ccsv6\tools\compiler\msp430_4.3.3\lib\</path>
         <kind>archive</kind>
         <file>rts430x_lc_rd_eabi.lib</file>
         <name>mult32_f5hw.obj</name>
      </input_file>
      <input_file id="fl-97">
         <path>D:\Soft\ti\ccsv6\tools\compiler\msp430_4.3.3\lib\</path>
         <kind>archive</kind>
         <file>rts430x_lc_rd_eabi.lib</file>
         <name>pre_init.obj</name>
      </input_file>
      <input_file id="fl-98">
         <path>D:\Soft\ti\ccsv6\tools\compiler\msp430_4.3.3\lib\</path>
         <kind>archive</kind>
         <file>rts430x_lc_rd_eabi.lib</file>
         <name>sprintf.obj</name>
      </input_file>
      <input_file id="fl-99">
         <path>D:\Soft\ti\ccsv6\tools\compiler\msp430_4.3.3\lib\</path>
         <kind>archive</kind>
         <file>rts430x_lc_rd_eabi.lib</file>
         <name>xflog.obj</name>
      </input_file>
      <input_file id="fl-9a">
         <path>D:\Soft\ti\ccsv6\tools\compiler\msp430_4.3.3\lib\</path>
         <kind>archive</kind>
         <file>rts430x_lc_rd_eabi.lib</file>
         <name>xfvalues.obj</name>
      </input_file>
      <input_file id="fl-9b">
         <path>D:\Soft\ti\ccsv6\tools\compiler\msp430_4.3.3\lib\</path>
         <kind>archive</kind>
         <file>rts430x_lc_rd_eabi.lib</file>
         <name>_lock.obj</name>
      </input_file>
      <input_file id="fl-9c">
         <path>D:\Soft\ti\ccsv6\tools\compiler\msp430_4.3.3\lib\</path>
         <kind>archive</kind>
         <file>rts430x_lc_rd_eabi.lib</file>
         <name>_printfi.obj</name>
      </input_file>
      <input_file id="fl-9d">
         <path>D:\Soft\ti\ccsv6\tools\compiler\msp430_4.3.3\lib\</path>
         <kind>archive</kind>
         <file>rts430x_lc_rd_eabi.lib</file>
         <name>args_main.obj</name>
      </input_file>
      <input_file id="fl-9e">
         <path>D:\Soft\ti\ccsv6\tools\compiler\msp430_4.3.3\lib\</path>
         <kind>archive</kind>
         <file>rts430x_lc_rd_eabi.lib</file>
         <name>asr32.obj</name>
      </input_file>
      <input_file id="fl-9f">
         <path>D:\Soft\ti\ccsv6\tools\compiler\msp430_4.3.3\lib\</path>
         <kind>archive</kind>
         <file>rts430x_lc_rd_eabi.lib</file>
         <name>atoi.obj</name>
      </input_file>
      <input_file id="fl-a0">
         <path>D:\Soft\ti\ccsv6\tools\compiler\msp430_4.3.3\lib\</path>
         <kind>archive</kind>
         <file>rts430x_lc_rd_eabi.lib</file>
         <name>autoinit.obj</name>
      </input_file>
      <input_file id="fl-a1">
         <path>D:\Soft\ti\ccsv6\tools\compiler\msp430_4.3.3\lib\</path>
         <kind>archive</kind>
         <file>rts430x_lc_rd_eabi.lib</file>
         <name>cmpd.obj</name>
      </input_file>
      <input_file id="fl-a2">
         <path>D:\Soft\ti\ccsv6\tools\compiler\msp430_4.3.3\lib\</path>
         <kind>archive</kind>
         <file>rts430x_lc_rd_eabi.lib</file>
         <name>ctype.obj</name>
      </input_file>
      <input_file id="fl-a3">
         <path>D:\Soft\ti\ccsv6\tools\compiler\msp430_4.3.3\lib\</path>
         <kind>archive</kind>
         <file>rts430x_lc_rd_eabi.lib</file>
         <name>divd.obj</name>
      </input_file>
      <input_file id="fl-a4">
         <path>D:\Soft\ti\ccsv6\tools\compiler\msp430_4.3.3\lib\</path>
         <kind>archive</kind>
         <file>rts430x_lc_rd_eabi.lib</file>
         <name>fixdli.obj</name>
      </input_file>
      <input_file id="fl-a5">
         <path>D:\Soft\ti\ccsv6\tools\compiler\msp430_4.3.3\lib\</path>
         <kind>archive</kind>
         <file>rts430x_lc_rd_eabi.lib</file>
         <name>fixdu.obj</name>
      </input_file>
      <input_file id="fl-a6">
         <path>D:\Soft\ti\ccsv6\tools\compiler\msp430_4.3.3\lib\</path>
         <kind>archive</kind>
         <file>rts430x_lc_rd_eabi.lib</file>
         <name>fixdul.obj</name>
      </input_file>
      <input_file id="fl-a7">
         <path>D:\Soft\ti\ccsv6\tools\compiler\msp430_4.3.3\lib\</path>
         <kind>archive</kind>
         <file>rts430x_lc_rd_eabi.lib</file>
         <name>fltlid.obj</name>
      </input_file>
      <input_file id="fl-a8">
         <path>D:\Soft\ti\ccsv6\tools\compiler\msp430_4.3.3\lib\</path>
         <kind>archive</kind>
         <file>rts430x_lc_rd_eabi.lib</file>
         <name>frcdivd.obj</name>
      </input_file>
      <input_file id="fl-a9">
         <path>D:\Soft\ti\ccsv6\tools\compiler\msp430_4.3.3\lib\</path>
         <kind>archive</kind>
         <file>rts430x_lc_rd_eabi.lib</file>
         <name>fs_add.obj</name>
      </input_file>
      <input_file id="fl-aa">
         <path>D:\Soft\ti\ccsv6\tools\compiler\msp430_4.3.3\lib\</path>
         <kind>archive</kind>
         <file>rts430x_lc_rd_eabi.lib</file>
         <name>fs_cmp.obj</name>
      </input_file>
      <input_file id="fl-ab">
         <path>D:\Soft\ti\ccsv6\tools\compiler\msp430_4.3.3\lib\</path>
         <kind>archive</kind>
         <file>rts430x_lc_rd_eabi.lib</file>
         <name>fs_itof.obj</name>
      </input_file>
      <input_file id="fl-ac">
         <path>D:\Soft\ti\ccsv6\tools\compiler\msp430_4.3.3\lib\</path>
         <kind>archive</kind>
         <file>rts430x_lc_rd_eabi.lib</file>
         <name>fs_neg.obj</name>
      </input_file>
      <input_file id="fl-ad">
         <path>D:\Soft\ti\ccsv6\tools\compiler\msp430_4.3.3\lib\</path>
         <kind>archive</kind>
         <file>rts430x_lc_rd_eabi.lib</file>
         <name>llmath.obj</name>
      </input_file>
      <input_file id="fl-ae">
         <path>D:\Soft\ti\ccsv6\tools\compiler\msp430_4.3.3\lib\</path>
         <kind>archive</kind>
         <file>rts430x_lc_rd_eabi.lib</file>
         <name>lsl32.obj</name>
      </input_file>
      <input_file id="fl-af">
         <path>D:\Soft\ti\ccsv6\tools\compiler\msp430_4.3.3\lib\</path>
         <kind>archive</kind>
         <file>rts430x_lc_rd_eabi.lib</file>
         <name>lsr32.obj</name>
      </input_file>
      <input_file id="fl-b0">
         <path>D:\Soft\ti\ccsv6\tools\compiler\msp430_4.3.3\lib\</path>
         <kind>archive</kind>
         <file>rts430x_lc_rd_eabi.lib</file>
         <name>ltoa.obj</name>
      </input_file>
      <input_file id="fl-b1">
         <path>D:\Soft\ti\ccsv6\tools\compiler\msp430_4.3.3\lib\</path>
         <kind>archive</kind>
         <file>rts430x_lc_rd_eabi.lib</file>
         <name>memccpy.obj</name>
      </input_file>
      <input_file id="fl-b2">
         <path>D:\Soft\ti\ccsv6\tools\compiler\msp430_4.3.3\lib\</path>
         <kind>archive</kind>
         <file>rts430x_lc_rd_eabi.lib</file>
         <name>memset.obj</name>
      </input_file>
      <input_file id="fl-b3">
         <path>D:\Soft\ti\ccsv6\tools\compiler\msp430_4.3.3\lib\</path>
         <kind>archive</kind>
         <file>rts430x_lc_rd_eabi.lib</file>
         <name>mpyd.obj</name>
      </input_file>
      <input_file id="fl-b4">
         <path>D:\Soft\ti\ccsv6\tools\compiler\msp430_4.3.3\lib\</path>
         <kind>archive</kind>
         <file>rts430x_lc_rd_eabi.lib</file>
         <name>mult64_f5hw.obj</name>
      </input_file>
      <input_file id="fl-b5">
         <path>D:\Soft\ti\ccsv6\tools\compiler\msp430_4.3.3\lib\</path>
         <kind>archive</kind>
         <file>rts430x_lc_rd_eabi.lib</file>
         <name>negd.obj</name>
      </input_file>
      <input_file id="fl-b6">
         <path>D:\Soft\ti\ccsv6\tools\compiler\msp430_4.3.3\lib\</path>
         <kind>archive</kind>
         <file>rts430x_lc_rd_eabi.lib</file>
         <name>strlen.obj</name>
      </input_file>
      <input_file id="fl-b7">
         <path>D:\Soft\ti\ccsv6\tools\compiler\msp430_4.3.3\lib\</path>
         <kind>archive</kind>
         <file>rts430x_lc_rd_eabi.lib</file>
         <name>subd.obj</name>
      </input_file>
      <input_file id="fl-b8">
         <path>D:\Soft\ti\ccsv6\tools\compiler\msp430_4.3.3\lib\</path>
         <kind>archive</kind>
         <file>rts430x_lc_rd_eabi.lib</file>
         <name>toupper.obj</name>
      </input_file>
      <input_file id="fl-b9">
         <path>D:\Soft\ti\ccsv6\tools\compiler\msp430_4.3.3\lib\</path>
         <kind>archive</kind>
         <file>rts430x_lc_rd_eabi.lib</file>
         <name>xdclass.obj</name>
      </input_file>
      <input_file id="fl-ba">
         <path>D:\Soft\ti\ccsv6\tools\compiler\msp430_4.3.3\lib\</path>
         <kind>archive</kind>
         <file>rts430x_lc_rd_eabi.lib</file>
         <name>xfdunsca.obj</name>
      </input_file>
      <input_file id="fl-bb">
         <path>D:\Soft\ti\ccsv6\tools\compiler\msp430_4.3.3\lib\</path>
         <kind>archive</kind>
         <file>rts430x_lc_rd_eabi.lib</file>
         <name>xferaise.obj</name>
      </input_file>
      <input_file id="fl-bc">
         <path>D:\Soft\ti\ccsv6\tools\compiler\msp430_4.3.3\lib\</path>
         <kind>archive</kind>
         <file>rts430x_lc_rd_eabi.lib</file>
         <name>abs.obj</name>
      </input_file>
      <input_file id="fl-bd">
         <path>D:\Soft\ti\ccsv6\tools\compiler\msp430_4.3.3\lib\</path>
         <kind>archive</kind>
         <file>rts430x_lc_rd_eabi.lib</file>
         <name>addd.obj</name>
      </input_file>
      <input_file id="fl-be">
         <path>D:\Soft\ti\ccsv6\tools\compiler\msp430_4.3.3\lib\</path>
         <kind>archive</kind>
         <file>rts430x_lc_rd_eabi.lib</file>
         <name>errno.obj</name>
      </input_file>
      <input_file id="fl-bf">
         <path>D:\Soft\ti\ccsv6\tools\compiler\msp430_4.3.3\lib\</path>
         <kind>archive</kind>
         <file>rts430x_lc_rd_eabi.lib</file>
         <name>feraiseexcept.obj</name>
      </input_file>
      <input_file id="fl-c0">
         <path>D:\Soft\ti\ccsv6\tools\compiler\msp430_4.3.3\lib\</path>
         <kind>archive</kind>
         <file>rts430x_lc_rd_eabi.lib</file>
         <name>frcaddd.obj</name>
      </input_file>
      <input_file id="fl-c1">
         <path>D:\Soft\ti\ccsv6\tools\compiler\msp430_4.3.3\lib\</path>
         <kind>archive</kind>
         <file>rts430x_lc_rd_eabi.lib</file>
         <name>frcmpyd.obj</name>
      </input_file>
      <input_file id="fl-c2">
         <path>D:\Soft\ti\ccsv6\tools\compiler\msp430_4.3.3\lib\</path>
         <kind>archive</kind>
         <file>rts430x_lc_rd_eabi.lib</file>
         <name>llabs.obj</name>
      </input_file>
      <input_file id="fl-c3">
         <path>D:\Soft\ti\ccsv6\tools\compiler\msp430_4.3.3\lib\</path>
         <kind>archive</kind>
         <file>rts430x_lc_rd_eabi.lib</file>
         <name>raise.obj</name>
      </input_file>
      <input_file id="fl-c4">
         <path>D:\Soft\ti\ccsv6\tools\compiler\msp430_4.3.3\lib\</path>
         <kind>archive</kind>
         <file>rts430x_lc_rd_eabi.lib</file>
         <name>renormd.obj</name>
      </input_file>
      <input_file id="fl-c5">
         <path>D:\Soft\ti\ccsv6\tools\compiler\msp430_4.3.3\lib\</path>
         <kind>archive</kind>
         <file>rts430x_lc_rd_eabi.lib</file>
         <name>signal.obj</name>
      </input_file>
      <input_file id="fl-c6">
         <path>D:\Soft\ti\ccsv6\tools\compiler\msp430_4.3.3\lib\</path>
         <kind>archive</kind>
         <file>rts430x_lc_rd_eabi.lib</file>
         <name>xfdnorm.obj</name>
      </input_file>
   </input_file_list>
   <object_component_list>
      <object_component id="oc-97">
         <name>.stack</name>
         <uninitialized>true</uninitialized>
         <run_address>0x5b60</run_address>
         <size>0x4</size>
         <input_file_ref idref="fl-71"/>
      </object_component>
      <object_component id="oc-503">
         <name>.stack</name>
         <uninitialized>true</uninitialized>
         <run_address>0x5b60</run_address>
         <size>0x0</size>
      </object_component>
      <object_component id="oc-3f4">
         <name>.text:__TI_frcdivd</name>
         <load_address>0x10000</load_address>
         <run_address>0x10000</run_address>
         <size>0x452</size>
         <input_file_ref idref="fl-a8"/>
      </object_component>
      <object_component id="oc-3bd">
         <name>.text:__mspabi_divull</name>
         <load_address>0x10452</load_address>
         <run_address>0x10452</run_address>
         <size>0x38e</size>
         <input_file_ref idref="fl-ad"/>
      </object_component>
      <object_component id="oc-3ec">
         <name>.text:__TI_frcmpyd</name>
         <load_address>0x107e0</load_address>
         <run_address>0x107e0</run_address>
         <size>0x2e4</size>
         <input_file_ref idref="fl-c1"/>
      </object_component>
      <object_component id="oc-434">
         <name>.text:__mspabi_addd</name>
         <load_address>0x10ac4</load_address>
         <run_address>0x10ac4</run_address>
         <size>0x2d8</size>
         <input_file_ref idref="fl-bd"/>
      </object_component>
      <object_component id="oc-384">
         <name>.text:__mspabi_mpyd</name>
         <load_address>0x10d9c</load_address>
         <run_address>0x10d9c</run_address>
         <size>0x282</size>
         <input_file_ref idref="fl-b3"/>
      </object_component>
      <object_component id="oc-1a9">
         <name>.text:_FLog</name>
         <load_address>0x1101e</load_address>
         <run_address>0x1101e</run_address>
         <size>0x26c</size>
         <input_file_ref idref="fl-99"/>
      </object_component>
      <object_component id="oc-24c">
         <name>.text:_setfield</name>
         <load_address>0x1128a</load_address>
         <run_address>0x1128a</run_address>
         <size>0x256</size>
         <input_file_ref idref="fl-9c"/>
      </object_component>
      <object_component id="oc-463">
         <name>.text:__TI_frcaddd</name>
         <load_address>0x114e0</load_address>
         <run_address>0x114e0</run_address>
         <size>0x252</size>
         <input_file_ref idref="fl-c0"/>
      </object_component>
      <object_component id="oc-364">
         <name>.text:ecvt</name>
         <load_address>0x11732</load_address>
         <run_address>0x11732</run_address>
         <size>0x22c</size>
         <input_file_ref idref="fl-9c"/>
      </object_component>
      <object_component id="oc-38a">
         <name>.text:__mspabi_divd</name>
         <load_address>0x1195e</load_address>
         <run_address>0x1195e</run_address>
         <size>0x222</size>
         <input_file_ref idref="fl-a3"/>
      </object_component>
      <object_component id="oc-10b">
         <name>.text:sound_meter_main</name>
         <load_address>0x11b80</load_address>
         <run_address>0x11b80</run_address>
         <size>0x21c</size>
         <input_file_ref idref="fl-9"/>
      </object_component>
      <object_component id="oc-377">
         <name>.text:fcvt</name>
         <load_address>0x11d9c</load_address>
         <run_address>0x11d9c</run_address>
         <size>0x21a</size>
         <input_file_ref idref="fl-9c"/>
      </object_component>
      <object_component id="oc-1c2">
         <name>.text:__TI_printfi</name>
         <load_address>0x11fb6</load_address>
         <run_address>0x11fb6</run_address>
         <size>0x202</size>
         <input_file_ref idref="fl-9c"/>
      </object_component>
      <object_component id="oc-2c3">
         <name>.text:_pproc_fge</name>
         <load_address>0x121b8</load_address>
         <run_address>0x121b8</run_address>
         <size>0x1f8</size>
         <input_file_ref idref="fl-9c"/>
      </object_component>
      <object_component id="oc-323">
         <name>.text:_pconv_e</name>
         <load_address>0x123b0</load_address>
         <run_address>0x123b0</run_address>
         <size>0x1aa</size>
         <input_file_ref idref="fl-9c"/>
      </object_component>
      <object_component id="oc-2f8">
         <name>.text:_getarg_diouxp</name>
         <load_address>0x1255a</load_address>
         <run_address>0x1255a</run_address>
         <size>0x188</size>
         <input_file_ref idref="fl-9c"/>
      </object_component>
      <object_component id="oc-19f">
         <name>.text:halLcdPrint</name>
         <load_address>0x126e2</load_address>
         <run_address>0x126e2</run_address>
         <size>0x180</size>
         <input_file_ref idref="fl-41"/>
      </object_component>
      <object_component id="oc-2bd">
         <name>.text:_pproc_diouxp</name>
         <load_address>0x12862</load_address>
         <run_address>0x12862</run_address>
         <size>0x14c</size>
         <input_file_ref idref="fl-9c"/>
      </object_component>
      <object_component id="oc-227">
         <name>.text</name>
         <load_address>0x129ae</load_address>
         <run_address>0x129ae</run_address>
         <size>0x130</size>
         <input_file_ref idref="fl-a9"/>
      </object_component>
      <object_component id="oc-317">
         <name>.text:_pconv_g</name>
         <load_address>0x12ade</load_address>
         <run_address>0x12ade</run_address>
         <size>0x10c</size>
         <input_file_ref idref="fl-9c"/>
      </object_component>
      <object_component id="oc-2fe">
         <name>.text:_ltostr</name>
         <load_address>0x12bea</load_address>
         <run_address>0x12bea</run_address>
         <size>0x102</size>
         <input_file_ref idref="fl-9c"/>
      </object_component>
      <object_component id="oc-246">
         <name>.text:_pproc_fwp</name>
         <load_address>0x12cec</load_address>
         <run_address>0x12cec</run_address>
         <size>0xfa</size>
         <input_file_ref idref="fl-9c"/>
      </object_component>
      <object_component id="oc-329">
         <name>.text:__mspabi_cmpd</name>
         <load_address>0x12de6</load_address>
         <run_address>0x12de6</run_address>
         <size>0xd8</size>
         <input_file_ref idref="fl-a1"/>
      </object_component>
      <object_component id="oc-198">
         <name>.text:halLcdClearScreen</name>
         <load_address>0x12ebe</load_address>
         <run_address>0x12ebe</run_address>
         <size>0xc4</size>
         <input_file_ref idref="fl-41"/>
      </object_component>
      <object_component id="oc-15d">
         <name>.text</name>
         <load_address>0x12f82</load_address>
         <run_address>0x12f82</run_address>
         <size>0xb6</size>
         <input_file_ref idref="fl-7c"/>
      </object_component>
      <object_component id="oc-484">
         <name>.text:__TI_renormd</name>
         <load_address>0x13038</load_address>
         <run_address>0x13038</run_address>
         <size>0xb2</size>
         <input_file_ref idref="fl-c4"/>
      </object_component>
      <object_component id="oc-252">
         <name>.text:_pproc_str</name>
         <load_address>0x130ea</load_address>
         <run_address>0x130ea</run_address>
         <size>0xa8</size>
         <input_file_ref idref="fl-9c"/>
      </object_component>
      <object_component id="oc-3cf">
         <name>.text:__mspabi_fltlid</name>
         <load_address>0x13192</load_address>
         <run_address>0x13192</run_address>
         <size>0x94</size>
         <input_file_ref idref="fl-a7"/>
      </object_component>
      <object_component id="oc-18c">
         <name>.text:halLcdInit</name>
         <load_address>0x13226</load_address>
         <run_address>0x13226</run_address>
         <size>0x94</size>
         <input_file_ref idref="fl-41"/>
      </object_component>
      <object_component id="oc-152">
         <name>.text</name>
         <load_address>0x132ba</load_address>
         <run_address>0x132ba</run_address>
         <size>0x8e</size>
         <input_file_ref idref="fl-7b"/>
      </object_component>
      <object_component id="oc-28b">
         <name>.text:_FDnorm</name>
         <load_address>0x13348</load_address>
         <run_address>0x13348</run_address>
         <size>0x8c</size>
         <input_file_ref idref="fl-c6"/>
      </object_component>
      <object_component id="oc-353">
         <name>.text:_div</name>
         <load_address>0x133d4</load_address>
         <run_address>0x133d4</run_address>
         <size>0x88</size>
         <input_file_ref idref="fl-9c"/>
      </object_component>
      <object_component id="oc-36a">
         <name>.text:_ecpy</name>
         <load_address>0x1345c</load_address>
         <run_address>0x1345c</run_address>
         <size>0x88</size>
         <input_file_ref idref="fl-9c"/>
      </object_component>
      <object_component id="oc-3c9">
         <name>.text:ltoa</name>
         <load_address>0x134e4</load_address>
         <run_address>0x134e4</run_address>
         <size>0x80</size>
         <input_file_ref idref="fl-b0"/>
      </object_component>
      <object_component id="oc-370">
         <name>.text:_mcpy</name>
         <load_address>0x13564</load_address>
         <run_address>0x13564</run_address>
         <size>0x7e</size>
         <input_file_ref idref="fl-9c"/>
      </object_component>
      <object_component id="oc-31d">
         <name>.text:_pconv_f</name>
         <load_address>0x135e2</load_address>
         <run_address>0x135e2</run_address>
         <size>0x7e</size>
         <input_file_ref idref="fl-9c"/>
      </object_component>
      <object_component id="oc-b2">
         <name>.text:_auto_init_hold_wdt</name>
         <load_address>0x13660</load_address>
         <run_address>0x13660</run_address>
         <size>0x6e</size>
         <input_file_ref idref="fl-a0"/>
      </object_component>
      <object_component id="oc-284">
         <name>.text:halLcdDrawCurrentBlock</name>
         <load_address>0x136ce</load_address>
         <run_address>0x136ce</run_address>
         <size>0x6c</size>
         <input_file_ref idref="fl-41"/>
      </object_component>
      <object_component id="oc-43c">
         <name>.text:__mspabi_fixdul</name>
         <load_address>0x1373a</load_address>
         <run_address>0x1373a</run_address>
         <size>0x68</size>
         <input_file_ref idref="fl-a6"/>
      </object_component>
      <object_component id="oc-3e1">
         <name>.text:__mspabi_fixdli</name>
         <load_address>0x137a2</load_address>
         <run_address>0x137a2</run_address>
         <size>0x66</size>
         <input_file_ref idref="fl-a4"/>
      </object_component>
      <object_component id="oc-20e">
         <name>.text:_FDunscale</name>
         <load_address>0x13808</load_address>
         <run_address>0x13808</run_address>
         <size>0x64</size>
         <input_file_ref idref="fl-ba"/>
      </object_component>
      <object_component id="oc-175">
         <name>.text:__mspabi_cvtfd</name>
         <load_address>0x1386c</load_address>
         <run_address>0x1386c</run_address>
         <size>0x64</size>
         <input_file_ref idref="fl-75"/>
      </object_component>
      <object_component id="oc-e5">
         <name>.text:__TI_decompress_rle_core</name>
         <load_address>0x138d0</load_address>
         <run_address>0x138d0</run_address>
         <size>0x62</size>
         <input_file_ref idref="fl-73"/>
      </object_component>
      <object_component id="oc-2af">
         <name>.text:atoi</name>
         <load_address>0x13932</load_address>
         <run_address>0x13932</run_address>
         <size>0x62</size>
         <input_file_ref idref="fl-9f"/>
      </object_component>
      <object_component id="oc-359">
         <name>.text:__mpyll</name>
         <load_address>0x13994</load_address>
         <run_address>0x13994</run_address>
         <size>0x5a</size>
         <input_file_ref idref="fl-b4"/>
      </object_component>
      <object_component id="oc-3b8">
         <name>.text</name>
         <load_address>0x139ee</load_address>
         <run_address>0x139ee</run_address>
         <size>0x58</size>
         <input_file_ref idref="fl-79"/>
      </object_component>
      <object_component id="oc-30b">
         <name>.text:_Dclass</name>
         <load_address>0x13a46</load_address>
         <run_address>0x13a46</run_address>
         <size>0x50</size>
         <input_file_ref idref="fl-b9"/>
      </object_component>
      <object_component id="oc-37d">
         <name>.text:_fcpy</name>
         <load_address>0x13a96</load_address>
         <run_address>0x13a96</run_address>
         <size>0x4e</size>
         <input_file_ref idref="fl-9c"/>
      </object_component>
      <object_component id="oc-141">
         <name>.text:lcd_init</name>
         <load_address>0x13ae4</load_address>
         <run_address>0x13ae4</run_address>
         <size>0x4e</size>
         <input_file_ref idref="fl-4"/>
      </object_component>
      <object_component id="oc-222">
         <name>.text</name>
         <load_address>0x13b32</load_address>
         <run_address>0x13b32</run_address>
         <size>0x4a</size>
         <input_file_ref idref="fl-aa"/>
      </object_component>
      <object_component id="oc-1ed">
         <name>.text:halLcdSendCommand</name>
         <load_address>0x13b7c</load_address>
         <run_address>0x13b7c</run_address>
         <size>0x48</size>
         <input_file_ref idref="fl-41"/>
      </object_component>
      <object_component id="oc-240">
         <name>.text:_pproc_fflags</name>
         <load_address>0x13bc4</load_address>
         <run_address>0x13bc4</run_address>
         <size>0x46</size>
         <input_file_ref idref="fl-9c"/>
      </object_component>
      <object_component id="oc-168">
         <name>.text:sprintf</name>
         <load_address>0x13c0a</load_address>
         <run_address>0x13c0a</run_address>
         <size>0x44</size>
         <input_file_ref idref="fl-98"/>
      </object_component>
      <object_component id="oc-41b">
         <name>.text</name>
         <load_address>0x13c4e</load_address>
         <run_address>0x13c4e</run_address>
         <size>0x40</size>
         <input_file_ref idref="fl-78"/>
      </object_component>
      <object_component id="oc-1d8">
         <name>.text:l_asr_const</name>
         <load_address>0x13c8e</load_address>
         <run_address>0x13c8e</run_address>
         <size>0x3e</size>
         <input_file_ref idref="fl-9e"/>
      </object_component>
      <object_component id="oc-428">
         <name>.text:l_lsl_const</name>
         <load_address>0x13ccc</load_address>
         <run_address>0x13ccc</run_address>
         <size>0x3e</size>
         <input_file_ref idref="fl-ae"/>
      </object_component>
      <object_component id="oc-42d">
         <name>.text:l_lsr_const</name>
         <load_address>0x13d0a</load_address>
         <run_address>0x13d0a</run_address>
         <size>0x3e</size>
         <input_file_ref idref="fl-af"/>
      </object_component>
      <object_component id="oc-40e">
         <name>.text:__mspabi_sllll</name>
         <load_address>0x13d48</load_address>
         <run_address>0x13d48</run_address>
         <size>0x3a</size>
         <input_file_ref idref="fl-ad"/>
      </object_component>
      <object_component id="oc-3ad">
         <name>.text:__mspabi_srlll</name>
         <load_address>0x13d82</load_address>
         <run_address>0x13d82</run_address>
         <size>0x3a</size>
         <input_file_ref idref="fl-ad"/>
      </object_component>
      <object_component id="oc-343">
         <name>.text:signal</name>
         <load_address>0x13dbc</load_address>
         <run_address>0x13dbc</run_address>
         <size>0x38</size>
         <input_file_ref idref="fl-c5"/>
      </object_component>
      <object_component id="oc-214">
         <name>.text:_Feraise</name>
         <load_address>0x13df4</load_address>
         <run_address>0x13df4</run_address>
         <size>0x36</size>
         <input_file_ref idref="fl-bb"/>
      </object_component>
      <object_component id="oc-22f">
         <name>.text</name>
         <load_address>0x13e2a</load_address>
         <run_address>0x13e2a</run_address>
         <size>0x36</size>
         <input_file_ref idref="fl-ab"/>
      </object_component>
      <object_component id="oc-293">
         <name>.text:feraiseexcept</name>
         <load_address>0x13e60</load_address>
         <run_address>0x13e60</run_address>
         <size>0x34</size>
         <input_file_ref idref="fl-bf"/>
      </object_component>
      <object_component id="oc-1e4">
         <name>.text:halLcdActive</name>
         <load_address>0x13e94</load_address>
         <run_address>0x13e94</run_address>
         <size>0x34</size>
         <input_file_ref idref="fl-41"/>
      </object_component>
      <object_component id="oc-1cf">
         <name>.text:halLcdSetAddress</name>
         <load_address>0x13ec8</load_address>
         <run_address>0x13ec8</run_address>
         <size>0x34</size>
         <input_file_ref idref="fl-41"/>
      </object_component>
      <object_component id="oc-3d5">
         <name>.text:__mspabi_subd</name>
         <load_address>0x13efc</load_address>
         <run_address>0x13efc</run_address>
         <size>0x32</size>
         <input_file_ref idref="fl-b7"/>
      </object_component>
      <object_component id="oc-2e6">
         <name>.text:raise</name>
         <load_address>0x13f2e</load_address>
         <run_address>0x13f2e</run_address>
         <size>0x32</size>
         <input_file_ref idref="fl-c3"/>
      </object_component>
      <object_component id="oc-311">
         <name>.text:__mspabi_negd</name>
         <load_address>0x13f60</load_address>
         <run_address>0x13f60</run_address>
         <size>0x2e</size>
         <input_file_ref idref="fl-b5"/>
      </object_component>
      <object_component id="oc-147">
         <name>.text:adc_init</name>
         <load_address>0x13f8e</load_address>
         <run_address>0x13f8e</run_address>
         <size>0x2c</size>
         <input_file_ref idref="fl-9"/>
      </object_component>
      <object_component id="oc-8b">
         <name>.text:decompress:ZI:__TI_zero_init</name>
         <load_address>0x13fba</load_address>
         <run_address>0x13fba</run_address>
         <size>0x24</size>
         <input_file_ref idref="fl-74"/>
      </object_component>
      <object_component id="oc-16f">
         <name>.text:halLcdPrintLine</name>
         <load_address>0x13fde</load_address>
         <run_address>0x13fde</run_address>
         <size>0x24</size>
         <input_file_ref idref="fl-41"/>
      </object_component>
      <object_component id="oc-14d">
         <name>.text</name>
         <load_address>0x14002</load_address>
         <run_address>0x14002</run_address>
         <size>0x24</size>
         <input_file_ref idref="fl-7d"/>
      </object_component>
      <object_component id="oc-192">
         <name>.text:halLcdSetContrast</name>
         <load_address>0x14026</load_address>
         <run_address>0x14026</run_address>
         <size>0x22</size>
         <input_file_ref idref="fl-41"/>
      </object_component>
      <object_component id="oc-446">
         <name>.text</name>
         <load_address>0x14048</load_address>
         <run_address>0x14048</run_address>
         <size>0x22</size>
         <input_file_ref idref="fl-96"/>
      </object_component>
      <object_component id="oc-1b6">
         <name>.text:_outs</name>
         <load_address>0x1406a</load_address>
         <run_address>0x1406a</run_address>
         <size>0x20</size>
         <input_file_ref idref="fl-98"/>
      </object_component>
      <object_component id="oc-2c9">
         <name>.text:memccpy</name>
         <load_address>0x1408a</load_address>
         <run_address>0x1408a</run_address>
         <size>0x20</size>
         <input_file_ref idref="fl-b1"/>
      </object_component>
      <object_component id="oc-2b5">
         <name>.text:memset</name>
         <load_address>0x140aa</load_address>
         <run_address>0x140aa</run_address>
         <size>0x16</size>
         <input_file_ref idref="fl-b2"/>
      </object_component>
      <object_component id="oc-3b3">
         <name>.text</name>
         <load_address>0x140c0</load_address>
         <run_address>0x140c0</run_address>
         <size>0x16</size>
         <input_file_ref idref="fl-77"/>
      </object_component>
      <object_component id="oc-1ca">
         <name>.text</name>
         <load_address>0x140d6</load_address>
         <run_address>0x140d6</run_address>
         <size>0x16</size>
         <input_file_ref idref="fl-95"/>
      </object_component>
      <object_component id="oc-1bc">
         <name>.text:_outc</name>
         <load_address>0x140ec</load_address>
         <run_address>0x140ec</run_address>
         <size>0x14</size>
         <input_file_ref idref="fl-98"/>
      </object_component>
      <object_component id="oc-d1">
         <name>.text:memcpy</name>
         <load_address>0x14100</load_address>
         <run_address>0x14100</run_address>
         <size>0x14</size>
         <input_file_ref idref="fl-93"/>
      </object_component>
      <object_component id="oc-3db">
         <name>.text:__mspabi_fixdu</name>
         <load_address>0x14114</load_address>
         <run_address>0x14114</run_address>
         <size>0x12</size>
         <input_file_ref idref="fl-a5"/>
      </object_component>
      <object_component id="oc-85">
         <name>.text:decompress:none:__TI_decompress_none</name>
         <load_address>0x14126</load_address>
         <run_address>0x14126</run_address>
         <size>0x12</size>
         <input_file_ref idref="fl-72"/>
      </object_component>
      <object_component id="oc-305">
         <name>.text:toupper</name>
         <load_address>0x14138</load_address>
         <run_address>0x14138</run_address>
         <size>0x12</size>
         <input_file_ref idref="fl-b8"/>
      </object_component>
      <object_component id="oc-47f">
         <name>.text:l_asr</name>
         <load_address>0x1414a</load_address>
         <run_address>0x1414a</run_address>
         <size>0x10</size>
         <input_file_ref idref="fl-9e"/>
      </object_component>
      <object_component id="oc-47a">
         <name>.text:l_lsl</name>
         <load_address>0x1415a</load_address>
         <run_address>0x1415a</run_address>
         <size>0x10</size>
         <input_file_ref idref="fl-ae"/>
      </object_component>
      <object_component id="oc-414">
         <name>.text:l_lsr</name>
         <load_address>0x1416a</load_address>
         <run_address>0x1416a</run_address>
         <size>0x10</size>
         <input_file_ref idref="fl-af"/>
      </object_component>
      <object_component id="oc-207">
         <name>.text:halLcdDrawBlock</name>
         <load_address>0x1417a</load_address>
         <run_address>0x1417a</run_address>
         <size>0xe</size>
         <input_file_ref idref="fl-41"/>
      </object_component>
      <object_component id="oc-b8">
         <name>.text:main</name>
         <load_address>0x14188</load_address>
         <run_address>0x14188</run_address>
         <size>0xe</size>
         <input_file_ref idref="fl-6"/>
      </object_component>
      <object_component id="oc-23a">
         <name>.text:strlen</name>
         <load_address>0x14196</load_address>
         <run_address>0x14196</run_address>
         <size>0xe</size>
         <input_file_ref idref="fl-b6"/>
      </object_component>
      <object_component id="oc-420">
         <name>.text:abs</name>
         <load_address>0x141a4</load_address>
         <run_address>0x141a4</run_address>
         <size>0xa</size>
         <input_file_ref idref="fl-bc"/>
      </object_component>
      <object_component id="oc-21d">
         <name>.text</name>
         <load_address>0x141ae</load_address>
         <run_address>0x141ae</run_address>
         <size>0xa</size>
         <input_file_ref idref="fl-ac"/>
      </object_component>
      <object_component id="oc-9b">
         <name>.text:__TI_ISR_TRAP</name>
         <load_address>0x141b8</load_address>
         <run_address>0x141b8</run_address>
         <size>0x6</size>
         <input_file_ref idref="fl-90"/>
      </object_component>
      <object_component id="oc-91">
         <name>.text:decompress:rle24:__TI_decompress_rle24</name>
         <load_address>0x141be</load_address>
         <run_address>0x141be</run_address>
         <size>0x6</size>
         <input_file_ref idref="fl-73"/>
      </object_component>
      <object_component id="oc-157">
         <name>.text:log10f</name>
         <load_address>0x141c4</load_address>
         <run_address>0x141c4</run_address>
         <size>0x6</size>
         <input_file_ref idref="fl-91"/>
      </object_component>
      <object_component id="oc-ac">
         <name>.text:_system_pre_init</name>
         <load_address>0x141ca</load_address>
         <run_address>0x141ca</run_address>
         <size>0x4</size>
         <input_file_ref idref="fl-97"/>
      </object_component>
      <object_component id="oc-be">
         <name>.text:abort</name>
         <load_address>0x141ce</load_address>
         <run_address>0x141ce</run_address>
         <size>0x4</size>
         <input_file_ref idref="fl-7a"/>
      </object_component>
      <object_component id="oc-3fe">
         <name>.text:_nop</name>
         <load_address>0x141d2</load_address>
         <run_address>0x141d2</run_address>
         <size>0x2</size>
         <input_file_ref idref="fl-9b"/>
      </object_component>
      <object_component id="oc-c5">
         <name>.text:_isr:ADC12_ISR</name>
         <load_address>0x5c00</load_address>
         <run_address>0x5c00</run_address>
         <size>0x60</size>
         <input_file_ref idref="fl-9"/>
      </object_component>
      <object_component id="oc-a0">
         <name>.text:_isr:PORT2_ISR</name>
         <load_address>0x5c60</load_address>
         <run_address>0x5c60</run_address>
         <size>0x40</size>
         <input_file_ref idref="fl-9"/>
      </object_component>
      <object_component id="oc-cb">
         <name>.text:_isr:TIMER0_B0_ISR</name>
         <load_address>0x5ca0</load_address>
         <run_address>0x5ca0</run_address>
         <size>0x38</size>
         <input_file_ref idref="fl-9"/>
      </object_component>
      <object_component id="oc-a6">
         <name>.text:_isr:USCI_A1_ISR</name>
         <load_address>0x5cd8</load_address>
         <run_address>0x5cd8</run_address>
         <size>0x20</size>
         <input_file_ref idref="fl-b"/>
      </object_component>
      <object_component id="oc-72">
         <name>.text:_isr:_c_int00_noexit</name>
         <load_address>0x5cf8</load_address>
         <run_address>0x5cf8</run_address>
         <size>0x1a</size>
         <input_file_ref idref="fl-71"/>
      </object_component>
      <object_component id="oc-502">
         <name>.cinit..data.load</name>
         <load_address>0x6ffa</load_address>
         <run_address>0x6ffa</run_address>
         <size>0xc1</size>
      </object_component>
      <object_component id="oc-4ff">
         <name>__TI_handler_table</name>
         <load_address>0x70bc</load_address>
         <run_address>0x70bc</run_address>
         <size>0xc</size>
      </object_component>
      <object_component id="oc-501">
         <name>.cinit..bss.load</name>
         <load_address>0x70c8</load_address>
         <run_address>0x70c8</run_address>
         <size>0x6</size>
      </object_component>
      <object_component id="oc-500">
         <name>__TI_cinit_table</name>
         <load_address>0x70ce</load_address>
         <run_address>0x70ce</run_address>
         <size>0x10</size>
      </object_component>
      <object_component id="oc-204">
         <name>.const:GrayScale_fonts</name>
         <load_address>0x5d12</load_address>
         <run_address>0x5d12</run_address>
         <size>0x854</size>
         <input_file_ref idref="fl-42"/>
      </object_component>
      <object_component id="oc-201">
         <name>.const:fonts</name>
         <load_address>0x6566</load_address>
         <run_address>0x6566</run_address>
         <size>0x854</size>
         <input_file_ref idref="fl-42"/>
      </object_component>
      <object_component id="oc-2f1">
         <name>.const:.string:_ctypes_</name>
         <load_address>0x6dba</load_address>
         <run_address>0x6dba</run_address>
         <size>0x101</size>
         <input_file_ref idref="fl-a2"/>
      </object_component>
      <object_component id="oc-1fd">
         <name>.const:.string:fonts_lookup</name>
         <load_address>0x6ebc</load_address>
         <run_address>0x6ebc</run_address>
         <size>0x89</size>
         <input_file_ref idref="fl-42"/>
      </object_component>
      <object_component id="oc-162">
         <name>.const:.string</name>
         <load_address>0x6f46</load_address>
         <run_address>0x6f46</run_address>
         <size>0x80</size>
         <input_file_ref idref="fl-9"/>
      </object_component>
      <object_component id="oc-2bc">
         <name>.const:.string</name>
         <load_address>0x6fc6</load_address>
         <run_address>0x6fc6</run_address>
         <size>0x24</size>
         <input_file_ref idref="fl-9c"/>
      </object_component>
      <object_component id="oc-22c">
         <name>.const:p</name>
         <load_address>0x6fea</load_address>
         <run_address>0x6fea</run_address>
         <size>0xc</size>
         <input_file_ref idref="fl-99"/>
      </object_component>
      <object_component id="oc-19e">
         <name>.const:.string</name>
         <load_address>0x6ff6</load_address>
         <run_address>0x6ff6</run_address>
         <size>0x4</size>
         <input_file_ref idref="fl-4"/>
      </object_component>
      <object_component id="oc-69">
         <name>.int41</name>
         <load_address>0xffd2</load_address>
         <run_address>0xffd2</run_address>
         <size>0x2</size>
         <input_file_ref idref="fl-7e"/>
      </object_component>
      <object_component id="oc-6a">
         <name>.int42</name>
         <load_address>0xffd4</load_address>
         <run_address>0xffd4</run_address>
         <size>0x2</size>
         <input_file_ref idref="fl-9"/>
      </object_component>
      <object_component id="oc-6b">
         <name>.int43</name>
         <load_address>0xffd6</load_address>
         <run_address>0xffd6</run_address>
         <size>0x2</size>
         <input_file_ref idref="fl-7f"/>
      </object_component>
      <object_component id="oc-6c">
         <name>.int44</name>
         <load_address>0xffd8</load_address>
         <run_address>0xffd8</run_address>
         <size>0x2</size>
         <input_file_ref idref="fl-80"/>
      </object_component>
      <object_component id="oc-6d">
         <name>.int45</name>
         <load_address>0xffda</load_address>
         <run_address>0xffda</run_address>
         <size>0x2</size>
         <input_file_ref idref="fl-81"/>
      </object_component>
      <object_component id="oc-6e">
         <name>.int46</name>
         <load_address>0xffdc</load_address>
         <run_address>0xffdc</run_address>
         <size>0x2</size>
         <input_file_ref idref="fl-b"/>
      </object_component>
      <object_component id="oc-6f">
         <name>.int47</name>
         <load_address>0xffde</load_address>
         <run_address>0xffde</run_address>
         <size>0x2</size>
         <input_file_ref idref="fl-82"/>
      </object_component>
      <object_component id="oc-70">
         <name>.int48</name>
         <load_address>0xffe0</load_address>
         <run_address>0xffe0</run_address>
         <size>0x2</size>
         <input_file_ref idref="fl-83"/>
      </object_component>
      <object_component id="oc-71">
         <name>.int49</name>
         <load_address>0xffe2</load_address>
         <run_address>0xffe2</run_address>
         <size>0x2</size>
         <input_file_ref idref="fl-84"/>
      </object_component>
      <object_component id="oc-78">
         <name>.int50</name>
         <load_address>0xffe4</load_address>
         <run_address>0xffe4</run_address>
         <size>0x2</size>
         <input_file_ref idref="fl-85"/>
      </object_component>
      <object_component id="oc-79">
         <name>.int51</name>
         <load_address>0xffe6</load_address>
         <run_address>0xffe6</run_address>
         <size>0x2</size>
         <input_file_ref idref="fl-86"/>
      </object_component>
      <object_component id="oc-7a">
         <name>.int52</name>
         <load_address>0xffe8</load_address>
         <run_address>0xffe8</run_address>
         <size>0x2</size>
         <input_file_ref idref="fl-87"/>
      </object_component>
      <object_component id="oc-7b">
         <name>.int53</name>
         <load_address>0xffea</load_address>
         <run_address>0xffea</run_address>
         <size>0x2</size>
         <input_file_ref idref="fl-88"/>
      </object_component>
      <object_component id="oc-7c">
         <name>.int54</name>
         <load_address>0xffec</load_address>
         <run_address>0xffec</run_address>
         <size>0x2</size>
         <input_file_ref idref="fl-89"/>
      </object_component>
      <object_component id="oc-7d">
         <name>.int55</name>
         <load_address>0xffee</load_address>
         <run_address>0xffee</run_address>
         <size>0x2</size>
         <input_file_ref idref="fl-9"/>
      </object_component>
      <object_component id="oc-7e">
         <name>.int56</name>
         <load_address>0xfff0</load_address>
         <run_address>0xfff0</run_address>
         <size>0x2</size>
         <input_file_ref idref="fl-8a"/>
      </object_component>
      <object_component id="oc-7f">
         <name>.int57</name>
         <load_address>0xfff2</load_address>
         <run_address>0xfff2</run_address>
         <size>0x2</size>
         <input_file_ref idref="fl-8b"/>
      </object_component>
      <object_component id="oc-80">
         <name>.int58</name>
         <load_address>0xfff4</load_address>
         <run_address>0xfff4</run_address>
         <size>0x2</size>
         <input_file_ref idref="fl-8c"/>
      </object_component>
      <object_component id="oc-81">
         <name>.int59</name>
         <load_address>0xfff6</load_address>
         <run_address>0xfff6</run_address>
         <size>0x2</size>
         <input_file_ref idref="fl-8d"/>
      </object_component>
      <object_component id="oc-82">
         <name>.int60</name>
         <load_address>0xfff8</load_address>
         <run_address>0xfff8</run_address>
         <size>0x2</size>
         <input_file_ref idref="fl-9"/>
      </object_component>
      <object_component id="oc-83">
         <name>.int61</name>
         <load_address>0xfffa</load_address>
         <run_address>0xfffa</run_address>
         <size>0x2</size>
         <input_file_ref idref="fl-8e"/>
      </object_component>
      <object_component id="oc-84">
         <name>.int62</name>
         <load_address>0xfffc</load_address>
         <run_address>0xfffc</run_address>
         <size>0x2</size>
         <input_file_ref idref="fl-8f"/>
      </object_component>
      <object_component id="oc-9a">
         <name>.reset</name>
         <load_address>0xfffe</load_address>
         <run_address>0xfffe</run_address>
         <size>0x2</size>
         <input_file_ref idref="fl-71"/>
      </object_component>
      <object_component id="oc-188">
         <name>.common:strbuf</name>
         <uninitialized>true</uninitialized>
         <run_address>0x2b9c</run_address>
         <size>0x100</size>
      </object_component>
      <object_component id="oc-104">
         <name>.common:rcvbuff</name>
         <uninitialized>true</uninitialized>
         <run_address>0x2a9c</run_address>
         <size>0x100</size>
      </object_component>
      <object_component id="oc-2dd">
         <name>.common:LCD_MEM</name>
         <uninitialized>true</uninitialized>
         <run_address>0x1c00</run_address>
         <size>0xe9c</size>
      </object_component>
      <object_component id="oc-fa">
         <name>.data</name>
         <load_address>0x2e5c</load_address>
         <run_address>0x2e5c</run_address>
         <size>0x1</size>
         <input_file_ref idref="fl-4"/>
      </object_component>
      <object_component id="oc-fd">
         <name>.data</name>
         <load_address>0x2e20</load_address>
         <run_address>0x2e20</run_address>
         <size>0x16</size>
         <input_file_ref idref="fl-9"/>
      </object_component>
      <object_component id="oc-101">
         <name>.data</name>
         <load_address>0x2e5a</load_address>
         <run_address>0x2e5a</run_address>
         <size>0x2</size>
         <input_file_ref idref="fl-b"/>
      </object_component>
      <object_component id="oc-1ea">
         <name>.data:LcdInitMacro</name>
         <load_address>0x2d4c</load_address>
         <run_address>0x2d4c</run_address>
         <size>0x6c</size>
         <input_file_ref idref="fl-41"/>
      </object_component>
      <object_component id="oc-1f5">
         <name>.data:Draw_Block_Value_Macro</name>
         <load_address>0x2e4c</load_address>
         <run_address>0x2e4c</run_address>
         <size>0x6</size>
         <input_file_ref idref="fl-41"/>
      </object_component>
      <object_component id="oc-1f8">
         <name>.data</name>
         <load_address>0x2e52</load_address>
         <run_address>0x2e52</run_address>
         <size>0x6</size>
         <input_file_ref idref="fl-41"/>
      </object_component>
      <object_component id="oc-21a">
         <name>.data</name>
         <load_address>0x2db8</load_address>
         <run_address>0x2db8</run_address>
         <size>0x68</size>
         <input_file_ref idref="fl-9a"/>
      </object_component>
      <object_component id="oc-26c">
         <name>.data:Draw_Block_Address_Macro</name>
         <load_address>0x2e46</load_address>
         <run_address>0x2e46</run_address>
         <size>0x6</size>
         <input_file_ref idref="fl-41"/>
      </object_component>
      <object_component id="oc-299">
         <name>.data</name>
         <load_address>0x2e58</load_address>
         <run_address>0x2e58</run_address>
         <size>0x2</size>
         <input_file_ref idref="fl-be"/>
      </object_component>
      <object_component id="oc-2e3">
         <name>.data</name>
         <load_address>0x2e3e</load_address>
         <run_address>0x2e3e</run_address>
         <size>0x8</size>
         <input_file_ref idref="fl-bf"/>
      </object_component>
      <object_component id="oc-39c">
         <name>.data</name>
         <load_address>0x2e36</load_address>
         <run_address>0x2e36</run_address>
         <size>0x8</size>
         <input_file_ref idref="fl-9b"/>
      </object_component>
      <object_component id="oc-39f">
         <name>.data:sigtable</name>
         <load_address>0x2c9c</load_address>
         <run_address>0x2c9c</run_address>
         <size>0xb0</size>
         <input_file_ref idref="fl-c5"/>
      </object_component>
      <object_component id="oc-73">
         <name>.debug_line</name>
         <load_address>0x0</load_address>
         <run_address>0x0</run_address>
         <size>0x44</size>
         <input_file_ref idref="fl-71"/>
      </object_component>
      <object_component id="oc-89">
         <name>.debug_line</name>
         <load_address>0x44</load_address>
         <run_address>0x44</run_address>
         <size>0x50</size>
         <input_file_ref idref="fl-72"/>
      </object_component>
      <object_component id="oc-8f">
         <name>.debug_line</name>
         <load_address>0x94</load_address>
         <run_address>0x94</run_address>
         <size>0x4d</size>
         <input_file_ref idref="fl-74"/>
      </object_component>
      <object_component id="oc-93">
         <name>.debug_line</name>
         <load_address>0xe1</load_address>
         <run_address>0xe1</run_address>
         <size>0x49</size>
         <input_file_ref idref="fl-73"/>
      </object_component>
      <object_component id="oc-9d">
         <name>.debug_line</name>
         <load_address>0x12a</load_address>
         <run_address>0x12a</run_address>
         <size>0x3c</size>
         <input_file_ref idref="fl-90"/>
      </object_component>
      <object_component id="oc-a4">
         <name>.debug_line</name>
         <load_address>0x166</load_address>
         <run_address>0x166</run_address>
         <size>0x5a</size>
         <input_file_ref idref="fl-9"/>
      </object_component>
      <object_component id="oc-a7">
         <name>.debug_line</name>
         <load_address>0x1c0</load_address>
         <run_address>0x1c0</run_address>
         <size>0x44</size>
         <input_file_ref idref="fl-b"/>
      </object_component>
      <object_component id="oc-b0">
         <name>.debug_line</name>
         <load_address>0x204</load_address>
         <run_address>0x204</run_address>
         <size>0x3e</size>
         <input_file_ref idref="fl-97"/>
      </object_component>
      <object_component id="oc-b7">
         <name>.debug_line</name>
         <load_address>0x242</load_address>
         <run_address>0x242</run_address>
         <size>0x65</size>
         <input_file_ref idref="fl-a0"/>
      </object_component>
      <object_component id="oc-bc">
         <name>.debug_line</name>
         <load_address>0x2a7</load_address>
         <run_address>0x2a7</run_address>
         <size>0x44</size>
         <input_file_ref idref="fl-6"/>
      </object_component>
      <object_component id="oc-c3">
         <name>.debug_line</name>
         <load_address>0x2eb</load_address>
         <run_address>0x2eb</run_address>
         <size>0x3a</size>
         <input_file_ref idref="fl-7a"/>
      </object_component>
      <object_component id="oc-c9">
         <name>.debug_line</name>
         <load_address>0x325</load_address>
         <run_address>0x325</run_address>
         <size>0x65</size>
         <input_file_ref idref="fl-9"/>
      </object_component>
      <object_component id="oc-cf">
         <name>.debug_line</name>
         <load_address>0x38a</load_address>
         <run_address>0x38a</run_address>
         <size>0x59</size>
         <input_file_ref idref="fl-9"/>
      </object_component>
      <object_component id="oc-d2">
         <name>.debug_line</name>
         <load_address>0x3e3</load_address>
         <run_address>0x3e3</run_address>
         <size>0x45</size>
         <input_file_ref idref="fl-93"/>
      </object_component>
      <object_component id="oc-db">
         <name>.debug_line</name>
         <load_address>0x428</load_address>
         <run_address>0x428</run_address>
         <size>0x3a</size>
         <input_file_ref idref="fl-72"/>
      </object_component>
      <object_component id="oc-e2">
         <name>.debug_line</name>
         <load_address>0x462</load_address>
         <run_address>0x462</run_address>
         <size>0x34</size>
         <input_file_ref idref="fl-74"/>
      </object_component>
      <object_component id="oc-ea">
         <name>.debug_line</name>
         <load_address>0x496</load_address>
         <run_address>0x496</run_address>
         <size>0x81</size>
         <input_file_ref idref="fl-73"/>
      </object_component>
      <object_component id="oc-f0">
         <name>.debug_line</name>
         <load_address>0x517</load_address>
         <run_address>0x517</run_address>
         <size>0x39</size>
         <input_file_ref idref="fl-73"/>
      </object_component>
      <object_component id="oc-f3">
         <name>.debug_line</name>
         <load_address>0x550</load_address>
         <run_address>0x550</run_address>
         <size>0x2a</size>
         <input_file_ref idref="fl-71"/>
      </object_component>
      <object_component id="oc-f7">
         <name>.debug_line</name>
         <load_address>0x57a</load_address>
         <run_address>0x57a</run_address>
         <size>0x20</size>
         <input_file_ref idref="fl-2"/>
      </object_component>
      <object_component id="oc-10f">
         <name>.debug_line</name>
         <load_address>0x59a</load_address>
         <run_address>0x59a</run_address>
         <size>0x75</size>
         <input_file_ref idref="fl-9"/>
      </object_component>
      <object_component id="oc-11a">
         <name>.debug_line</name>
         <load_address>0x60f</load_address>
         <run_address>0x60f</run_address>
         <size>0x44</size>
         <input_file_ref idref="fl-93"/>
      </object_component>
      <object_component id="oc-11d">
         <name>.debug_line</name>
         <load_address>0x653</load_address>
[...]
         <object_component_ref idref="oc-79"/>
      </symbol>
      <symbol id="sm-587">
         <name>__TI_int52</name>
         <value>0xffe8</value>
         <object_component_ref idref="oc-7a"/>
      </symbol>
      <symbol id="sm-58a">
         <name>__TI_int53</name>
         <value>0xffea</value>
         <object_component_ref idref="oc-7b"/>
      </symbol>
      <symbol id="sm-58d">
         <name>__TI_int54</name>
         <value>0xffec</value>
         <object_component_ref idref="oc-7c"/>
      </symbol>
      <symbol id="sm-590">
         <name>__TI_int56</name>
         <value>0xfff0</value>
         <object_component_ref idref="oc-7e"/>
      </symbol>
      <symbol id="sm-593">
         <name>__TI_int57</name>
         <value>0xfff2</value>
         <object_component_ref idref="oc-7f"/>
      </symbol>
      <symbol id="sm-596">
         <name>__TI_int58</name>
         <value>0xfff4</value>
         <object_component_ref idref="oc-80"/>
      </symbol>
      <symbol id="sm-599">
         <name>__TI_int59</name>
         <value>0xfff6</value>
         <object_component_ref idref="oc-81"/>
      </symbol>
      <symbol id="sm-59c">
         <name>__TI_int61</name>
         <value>0xfffa</value>
         <object_component_ref idref="oc-83"/>
      </symbol>
      <symbol id="sm-59f">
         <name>__TI_int62</name>
         <value>0xfffc</value>
         <object_component_ref idref="oc-84"/>
      </symbol>
      <symbol id="sm-5a7">
         <name>__TI_ISR_TRAP</name>
         <value>0x141b8</value>
         <object_component_ref idref="oc-9b"/>
      </symbol>
      <symbol id="sm-5b3">
         <name>log10f</name>
         <value>0x141c4</value>
         <object_component_ref idref="oc-157"/>
      </symbol>
      <symbol id="sm-5c7">
         <name>memcpy</name>
         <value>0x14100</value>
         <object_component_ref idref="oc-d1"/>
      </symbol>
      <symbol id="sm-5d0">
         <name>__mspabi_mpyi_f5hw</name>
         <value>0x140d6</value>
         <object_component_ref idref="oc-1ca"/>
      </symbol>
      <symbol id="sm-5d8">
         <name>__mspabi_mpyl_f5hw</name>
         <value>0x14048</value>
         <object_component_ref idref="oc-446"/>
      </symbol>
      <symbol id="sm-5e1">
         <name>_system_pre_init</name>
         <value>0x141ca</value>
         <object_component_ref idref="oc-ac"/>
      </symbol>
      <symbol id="sm-602">
         <name>sprintf</name>
         <value>0x13c0a</value>
         <object_component_ref idref="oc-168"/>
      </symbol>
      <symbol id="sm-626">
         <name>_FLog</name>
         <value>0x1101e</value>
         <object_component_ref idref="oc-1a9"/>
      </symbol>
      <symbol id="sm-62d">
         <name>_FZero</name>
         <value>0x2e1c</value>
         <object_component_ref idref="oc-21a"/>
      </symbol>
      <symbol id="sm-62e">
         <name>_FRteps</name>
         <value>0x2e08</value>
         <object_component_ref idref="oc-21a"/>
      </symbol>
      <symbol id="sm-62f">
         <name>_FSnan</name>
         <value>0x2df8</value>
         <object_component_ref idref="oc-21a"/>
      </symbol>
      <symbol id="sm-630">
         <name>_FNan</name>
         <value>0x2de8</value>
         <object_component_ref idref="oc-21a"/>
      </symbol>
      <symbol id="sm-631">
         <name>_FInf</name>
         <value>0x2dd8</value>
         <object_component_ref idref="oc-21a"/>
      </symbol>
      <symbol id="sm-632">
         <name>_FEps</name>
         <value>0x2dc8</value>
         <object_component_ref idref="oc-21a"/>
      </symbol>
      <symbol id="sm-633">
         <name>_FXbig</name>
         <value>0x2e18</value>
         <object_component_ref idref="oc-21a"/>
      </symbol>
      <symbol id="sm-634">
         <name>_FDenorm</name>
         <value>0x2db8</value>
         <object_component_ref idref="oc-21a"/>
      </symbol>
      <symbol id="sm-645">
         <name>_nop</name>
         <value>0x141d2</value>
         <object_component_ref idref="oc-3fe"/>
      </symbol>
      <symbol id="sm-646">
         <name>_lock</name>
         <value>0x2e36</value>
         <object_component_ref idref="oc-39c"/>
      </symbol>
      <symbol id="sm-647">
         <name>_unlock</name>
         <value>0x2e3a</value>
         <object_component_ref idref="oc-39c"/>
      </symbol>
      <symbol id="sm-7d5">
         <name>__TI_printfi</name>
         <value>0x11fb6</value>
         <object_component_ref idref="oc-1c2"/>
      </symbol>
      <symbol id="sm-7e6">
         <name>__mspabi_sral</name>
         <value>0x1414a</value>
         <object_component_ref idref="oc-47f"/>
      </symbol>
      <symbol id="sm-7e7">
         <name>__mspabi_sral_15</name>
         <value>0x13c8e</value>
         <object_component_ref idref="oc-1d8"/>
      </symbol>
      <symbol id="sm-7e8">
         <name>__mspabi_sral_14</name>
         <value>0x13c92</value>
         <object_component_ref idref="oc-1d8"/>
      </symbol>
      <symbol id="sm-7e9">
         <name>__mspabi_sral_13</name>
         <value>0x13c96</value>
         <object_component_ref idref="oc-1d8"/>
      </symbol>
      <symbol id="sm-7ea">
         <name>__mspabi_sral_12</name>
         <value>0x13c9a</value>
         <object_component_ref idref="oc-1d8"/>
      </symbol>
      <symbol id="sm-7eb">
         <name>__mspabi_sral_11</name>
         <value>0x13c9e</value>
         <object_component_ref idref="oc-1d8"/>
      </symbol>
      <symbol id="sm-7ec">
         <name>__mspabi_sral_10</name>
         <value>0x13ca2</value>
         <object_component_ref idref="oc-1d8"/>
      </symbol>
      <symbol id="sm-7ed">
         <name>__mspabi_sral_8</name>
         <value>0x13caa</value>
         <object_component_ref idref="oc-1d8"/>
      </symbol>
      <symbol id="sm-7ee">
         <name>__mspabi_sral_9</name>
         <value>0x13ca6</value>
         <object_component_ref idref="oc-1d8"/>
      </symbol>
      <symbol id="sm-7ef">
         <name>__mspabi_sral_6</name>
         <value>0x13cb2</value>
         <object_component_ref idref="oc-1d8"/>
      </symbol>
      <symbol id="sm-7f0">
         <name>__mspabi_sral_7</name>
         <value>0x13cae</value>
         <object_component_ref idref="oc-1d8"/>
      </symbol>
      <symbol id="sm-7f1">
         <name>__mspabi_sral_4</name>
         <value>0x13cba</value>
         <object_component_ref idref="oc-1d8"/>
      </symbol>
      <symbol id="sm-7f2">
         <name>__mspabi_sral_5</name>
         <value>0x13cb6</value>
         <object_component_ref idref="oc-1d8"/>
      </symbol>
      <symbol id="sm-7f3">
         <name>__mspabi_sral_2</name>
         <value>0x13cc2</value>
         <object_component_ref idref="oc-1d8"/>
      </symbol>
      <symbol id="sm-7f4">
         <name>__mspabi_sral_3</name>
         <value>0x13cbe</value>
         <object_component_ref idref="oc-1d8"/>
      </symbol>
      <symbol id="sm-7f5">
         <name>__mspabi_sral_1</name>
         <value>0x13cc6</value>
         <object_component_ref idref="oc-1d8"/>
      </symbol>
      <symbol id="sm-808">
         <name>atoi</name>
         <value>0x13932</value>
         <object_component_ref idref="oc-2af"/>
      </symbol>
      <symbol id="sm-81f">
         <name>_auto_init_hold_wdt</name>
         <value>0x13660</value>
         <object_component_ref idref="oc-b2"/>
      </symbol>
      <symbol id="sm-841">
         <name>__mspabi_cmpd</name>
         <value>0x12de6</value>
         <object_component_ref idref="oc-329"/>
      </symbol>
      <symbol id="sm-84b">
         <name>_ctypes_</name>
         <value>0x6dba</value>
         <object_component_ref idref="oc-2f1"/>
      </symbol>
      <symbol id="sm-86c">
         <name>__mspabi_divd</name>
         <value>0x1195e</value>
         <object_component_ref idref="oc-38a"/>
      </symbol>
      <symbol id="sm-87e">
         <name>__mspabi_fixdli</name>
         <value>0x137a2</value>
         <object_component_ref idref="oc-3e1"/>
      </symbol>
      <symbol id="sm-88c">
         <name>__mspabi_fixdu</name>
         <value>0x14114</value>
         <object_component_ref idref="oc-3db"/>
      </symbol>
      <symbol id="sm-89f">
         <name>__mspabi_fixdul</name>
         <value>0x1373a</value>
         <object_component_ref idref="oc-43c"/>
      </symbol>
      <symbol id="sm-8b7">
         <name>__mspabi_fltlid</name>
         <value>0x13192</value>
         <object_component_ref idref="oc-3cf"/>
      </symbol>
      <symbol id="sm-8d2">
         <name>__TI_frcdivd</name>
         <value>0x10000</value>
         <object_component_ref idref="oc-3f4"/>
      </symbol>
      <symbol id="sm-8ed">
         <name>__mspabi_subf</name>
         <value>0x129ae</value>
         <object_component_ref idref="oc-227"/>
      </symbol>
      <symbol id="sm-8ee">
         <name>__mspabi_addf</name>
         <value>0x129b4</value>
         <object_component_ref idref="oc-227"/>
      </symbol>
      <symbol id="sm-8fe">
         <name>__mspabi_cmpf</name>
         <value>0x13b32</value>
         <object_component_ref idref="oc-222"/>
      </symbol>
      <symbol id="sm-90b">
         <name>__mspabi_fltif</name>
         <value>0x13e2a</value>
         <object_component_ref idref="oc-22f"/>
      </symbol>
      <symbol id="sm-914">
         <name>__mspabi_negf</name>
         <value>0x141ae</value>
         <object_component_ref idref="oc-21d"/>
      </symbol>
      <symbol id="sm-95e">
         <name>__mspabi_srlll</name>
         <value>0x13d82</value>
         <object_component_ref idref="oc-3ad"/>
      </symbol>
      <symbol id="sm-95f">
         <name>__mspabi_sllll</name>
         <value>0x13d48</value>
         <object_component_ref idref="oc-40e"/>
      </symbol>
      <symbol id="sm-960">
         <name>__mspabi_divull</name>
         <value>0x10452</value>
         <object_component_ref idref="oc-3bd"/>
      </symbol>
      <symbol id="sm-970">
         <name>__mspabi_slll_9</name>
         <value>0x13ce4</value>
         <object_component_ref idref="oc-428"/>
      </symbol>
      <symbol id="sm-971">
         <name>__mspabi_slll_8</name>
         <value>0x13ce8</value>
         <object_component_ref idref="oc-428"/>
      </symbol>
      <symbol id="sm-972">
         <name>__mspabi_slll_7</name>
         <value>0x13cec</value>
         <object_component_ref idref="oc-428"/>
      </symbol>
      <symbol id="sm-973">
         <name>__mspabi_slll_6</name>
         <value>0x13cf0</value>
         <object_component_ref idref="oc-428"/>
      </symbol>
      <symbol id="sm-974">
         <name>__mspabi_slll_5</name>
         <value>0x13cf4</value>
         <object_component_ref idref="oc-428"/>
      </symbol>
      <symbol id="sm-975">
         <name>__mspabi_slll_4</name>
         <value>0x13cf8</value>
         <object_component_ref idref="oc-428"/>
      </symbol>
      <symbol id="sm-976">
         <name>__mspabi_slll_3</name>
         <value>0x13cfc</value>
         <object_component_ref idref="oc-428"/>
      </symbol>
      <symbol id="sm-977">
         <name>__mspabi_slll_2</name>
         <value>0x13d00</value>
         <object_component_ref idref="oc-428"/>
      </symbol>
      <symbol id="sm-978">
         <name>__mspabi_slll_1</name>
         <value>0x13d04</value>
         <object_component_ref idref="oc-428"/>
      </symbol>
      <symbol id="sm-979">
         <name>__mspabi_slll</name>
         <value>0x1415a</value>
         <object_component_ref idref="oc-47a"/>
      </symbol>
      <symbol id="sm-97a">
         <name>__mspabi_slll_15</name>
         <value>0x13ccc</value>
         <object_component_ref idref="oc-428"/>
      </symbol>
      <symbol id="sm-97b">
         <name>__mspabi_slll_14</name>
         <value>0x13cd0</value>
         <object_component_ref idref="oc-428"/>
      </symbol>
      <symbol id="sm-97c">
         <name>__mspabi_slll_13</name>
         <value>0x13cd4</value>
         <object_component_ref idref="oc-428"/>
      </symbol>
      <symbol id="sm-97d">
         <name>__mspabi_slll_12</name>
         <value>0x13cd8</value>
         <object_component_ref idref="oc-428"/>
      </symbol>
      <symbol id="sm-97e">
         <name>__mspabi_slll_11</name>
         <value>0x13cdc</value>
         <object_component_ref idref="oc-428"/>
      </symbol>
      <symbol id="sm-97f">
         <name>__mspabi_slll_10</name>
         <value>0x13ce0</value>
         <object_component_ref idref="oc-428"/>
      </symbol>
      <symbol id="sm-98f">
         <name>__mspabi_srll_8</name>
         <value>0x13d26</value>
         <object_component_ref idref="oc-42d"/>
      </symbol>
      <symbol id="sm-990">
         <name>__mspabi_srll_9</name>
         <value>0x13d22</value>
         <object_component_ref idref="oc-42d"/>
      </symbol>
      <symbol id="sm-991">
         <name>__mspabi_srll_6</name>
         <value>0x13d2e</value>
         <object_component_ref idref="oc-42d"/>
      </symbol>
      <symbol id="sm-992">
         <name>__mspabi_srll_7</name>
         <value>0x13d2a</value>
         <object_component_ref idref="oc-42d"/>
      </symbol>
      <symbol id="sm-993">
         <name>__mspabi_srll_4</name>
         <value>0x13d36</value>
         <object_component_ref idref="oc-42d"/>
      </symbol>
      <symbol id="sm-994">
         <name>__mspabi_srll_5</name>
         <value>0x13d32</value>
         <object_component_ref idref="oc-42d"/>
      </symbol>
      <symbol id="sm-995">
         <name>__mspabi_srll_2</name>
         <value>0x13d3e</value>
         <object_component_ref idref="oc-42d"/>
      </symbol>
      <symbol id="sm-996">
         <name>__mspabi_srll_3</name>
         <value>0x13d3a</value>
         <object_component_ref idref="oc-42d"/>
      </symbol>
      <symbol id="sm-997">
         <name>__mspabi_srll_1</name>
         <value>0x13d42</value>
         <object_component_ref idref="oc-42d"/>
      </symbol>
      <symbol id="sm-998">
         <name>__mspabi_srll_15</name>
         <value>0x13d0a</value>
         <object_component_ref idref="oc-42d"/>
      </symbol>
      <symbol id="sm-999">
         <name>__mspabi_srll_14</name>
         <value>0x13d0e</value>
         <object_component_ref idref="oc-42d"/>
      </symbol>
      <symbol id="sm-99a">
         <name>__mspabi_srll_13</name>
         <value>0x13d12</value>
         <object_component_ref idref="oc-42d"/>
      </symbol>
      <symbol id="sm-99b">
         <name>__mspabi_srll_12</name>
         <value>0x13d16</value>
         <object_component_ref idref="oc-42d"/>
      </symbol>
      <symbol id="sm-99c">
         <name>__mspabi_srll_11</name>
         <value>0x13d1a</value>
         <object_component_ref idref="oc-42d"/>
      </symbol>
      <symbol id="sm-99d">
         <name>__mspabi_srll_10</name>
         <value>0x13d1e</value>
         <object_component_ref idref="oc-42d"/>
      </symbol>
      <symbol id="sm-99e">
         <name>__mspabi_srll</name>
         <value>0x1416a</value>
         <object_component_ref idref="oc-414"/>
      </symbol>
      <symbol id="sm-9ad">
         <name>ltoa</name>
         <value>0x134e4</value>
         <object_component_ref idref="oc-3c9"/>
      </symbol>
      <symbol id="sm-9bc">
         <name>memccpy</name>
         <value>0x1408a</value>
         <object_component_ref idref="oc-2c9"/>
      </symbol>
      <symbol id="sm-9ca">
         <name>memset</name>
         <value>0x140aa</value>
         <object_component_ref idref="oc-2b5"/>
      </symbol>
      <symbol id="sm-9ea">
         <name>__mspabi_mpyd</name>
         <value>0x10d9c</value>
         <object_component_ref idref="oc-384"/>
      </symbol>
      <symbol id="sm-9f2">
         <name>__mspabi_mpyll_f5hw</name>
         <value>0x13994</value>
         <object_component_ref idref="oc-359"/>
      </symbol>
      <symbol id="sm-9fb">
         <name>__mspabi_negd</name>
         <value>0x13f60</value>
         <object_component_ref idref="oc-311"/>
      </symbol>
      <symbol id="sm-a08">
         <name>strlen</name>
         <value>0x14196</value>
         <object_component_ref idref="oc-23a"/>
      </symbol>
      <symbol id="sm-a14">
         <name>__mspabi_subd</name>
         <value>0x13efc</value>
         <object_component_ref idref="oc-3d5"/>
      </symbol>
      <symbol id="sm-a21">
         <name>toupper</name>
         <value>0x14138</value>
         <object_component_ref idref="oc-305"/>
      </symbol>
      <symbol id="sm-a32">
         <name>_Dclass</name>
         <value>0x13a46</value>
         <object_component_ref idref="oc-30b"/>
      </symbol>
      <symbol id="sm-a44">
         <name>_FDunscale</name>
         <value>0x13808</value>
         <object_component_ref idref="oc-20e"/>
      </symbol>
      <symbol id="sm-a50">
         <name>_Feraise</name>
         <value>0x13df4</value>
         <object_component_ref idref="oc-214"/>
      </symbol>
      <symbol id="sm-a5d">
         <name>abs</name>
         <value>0x141a4</value>
         <object_component_ref idref="oc-420"/>
      </symbol>
      <symbol id="sm-a7f">
         <name>__mspabi_addd</name>
         <value>0x10ac4</value>
         <object_component_ref idref="oc-434"/>
      </symbol>
      <symbol id="sm-a86">
         <name>_Errno</name>
         <value>0x2e58</value>
         <object_component_ref idref="oc-299"/>
      </symbol>
      <symbol id="sm-a9e">
         <name>feraiseexcept</name>
         <value>0x13e60</value>
         <object_component_ref idref="oc-293"/>
      </symbol>
      <symbol id="sm-a9f">
         <name>_Tls_setup__Fenv</name>
         <value>0x2e42</value>
         <object_component_ref idref="oc-2e3"/>
      </symbol>
      <symbol id="sm-aa0">
         <name>_Fenv</name>
         <value>0x2e3e</value>
         <object_component_ref idref="oc-2e3"/>
      </symbol>
      <symbol id="sm-ac1">
         <name>__TI_frcaddd</name>
         <value>0x114e0</value>
         <object_component_ref idref="oc-463"/>
      </symbol>
      <symbol id="sm-ad2">
         <name>__TI_frcmpyd</name>
         <value>0x107e0</value>
         <object_component_ref idref="oc-3ec"/>
      </symbol>
      <symbol id="sm-ae7">
         <name>raise</name>
         <value>0x13f2e</value>
         <object_component_ref idref="oc-2e6"/>
      </symbol>
      <symbol id="sm-afb">
         <name>__TI_renormd</name>
         <value>0x13038</value>
         <object_component_ref idref="oc-484"/>
      </symbol>
      <symbol id="sm-b10">
         <name>signal</name>
         <value>0x13dbc</value>
         <object_component_ref idref="oc-343"/>
      </symbol>
      <symbol id="sm-b22">
         <name>_FDnorm</name>
         <value>0x13348</value>
         <object_component_ref idref="oc-28b"/>
      </symbol>
      <symbol id="sm-b23">
         <name>__TI_exit</name>
         <value>0x1</value>
      </symbol>
      <symbol id="sm-b24">
         <name>__TI_args_main</name>
         <value>0x1</value>
      </symbol>
      <symbol id="sm-b25">
         <name>__TI_INITARRAY_Base</name>
         <value>0x0</value>
      </symbol>
      <symbol id="sm-b26">
         <name>__TI_INITARRAY_Limit</name>
         <value>0x0</value>
      </symbol>
   </symbol_table>
   <title>Link successful</title>
</link_info>
